Archive member included to satisfy reference by file (symbol)

c:/st/stm32cubeide_1.6.1/stm32cubeide/plugins/com.st.stm32cube.ide.mcu.externaltools.gnu-tools-for-stm32.10.3-2021.10.win32_1.0.0.202111181127/tools/bin/../lib/gcc/arm-none-eabi/10.3.1/../../../../arm-none-eabi/lib/thumb/v7e-m+fp/hard\libc_nano.a(lib_a-errno.o)
                              ./Core/Src/syscalls.o (__errno)
c:/st/stm32cubeide_1.6.1/stm32cubeide/plugins/com.st.stm32cube.ide.mcu.externaltools.gnu-tools-for-stm32.10.3-2021.10.win32_1.0.0.202111181127/tools/bin/../lib/gcc/arm-none-eabi/10.3.1/../../../../arm-none-eabi/lib/thumb/v7e-m+fp/hard\libc_nano.a(lib_a-exit.o)
                              c:/st/stm32cubeide_1.6.1/stm32cubeide/plugins/com.st.stm32cube.ide.mcu.externaltools.gnu-tools-for-stm32.10.3-2021.10.win32_1.0.0.202111181127/tools/bin/../lib/gcc/arm-none-eabi/10.3.1/../../../../arm-none-eabi/lib/thumb/v7e-m+fp/hard/crt0.o (exit)
c:/st/stm32cubeide_1.6.1/stm32cubeide/plugins/com.st.stm32cube.ide.mcu.externaltools.gnu-tools-for-stm32.10.3-2021.10.win32_1.0.0.202111181127/tools/bin/../lib/gcc/arm-none-eabi/10.3.1/../../../../arm-none-eabi/lib/thumb/v7e-m+fp/hard\libc_nano.a(lib_a-impure.o)
                              c:/st/stm32cubeide_1.6.1/stm32cubeide/plugins/com.st.stm32cube.ide.mcu.externaltools.gnu-tools-for-stm32.10.3-2021.10.win32_1.0.0.202111181127/tools/bin/../lib/gcc/arm-none-eabi/10.3.1/../../../../arm-none-eabi/lib/thumb/v7e-m+fp/hard\libc_nano.a(lib_a-exit.o) (_global_impure_ptr)
c:/st/stm32cubeide_1.6.1/stm32cubeide/plugins/com.st.stm32cube.ide.mcu.externaltools.gnu-tools-for-stm32.10.3-2021.10.win32_1.0.0.202111181127/tools/bin/../lib/gcc/arm-none-eabi/10.3.1/../../../../arm-none-eabi/lib/thumb/v7e-m+fp/hard\libc_nano.a(lib_a-init.o)
                              c:/st/stm32cubeide_1.6.1/stm32cubeide/plugins/com.st.stm32cube.ide.mcu.externaltools.gnu-tools-for-stm32.10.3-2021.10.win32_1.0.0.202111181127/tools/bin/../lib/gcc/arm-none-eabi/10.3.1/../../../../arm-none-eabi/lib/thumb/v7e-m+fp/hard/crt0.o (__libc_init_array)
c:/st/stm32cubeide_1.6.1/stm32cubeide/plugins/com.st.stm32cube.ide.mcu.externaltools.gnu-tools-for-stm32.10.3-2021.10.win32_1.0.0.202111181127/tools/bin/../lib/gcc/arm-none-eabi/10.3.1/../../../../arm-none-eabi/lib/thumb/v7e-m+fp/hard\libc_nano.a(lib_a-memcpy-stub.o)
                              ./Core/Src/FreeRtos/queue.o (memcpy)
c:/st/stm32cubeide_1.6.1/stm32cubeide/plugins/com.st.stm32cube.ide.mcu.externaltools.gnu-tools-for-stm32.10.3-2021.10.win32_1.0.0.202111181127/tools/bin/../lib/gcc/arm-none-eabi/10.3.1/../../../../arm-none-eabi/lib/thumb/v7e-m+fp/hard\libc_nano.a(lib_a-memset.o)
                              c:/st/stm32cubeide_1.6.1/stm32cubeide/plugins/com.st.stm32cube.ide.mcu.externaltools.gnu-tools-for-stm32.10.3-2021.10.win32_1.0.0.202111181127/tools/bin/../lib/gcc/arm-none-eabi/10.3.1/../../../../arm-none-eabi/lib/thumb/v7e-m+fp/hard/crt0.o (memset)
c:/st/stm32cubeide_1.6.1/stm32cubeide/plugins/com.st.stm32cube.ide.mcu.externaltools.gnu-tools-for-stm32.10.3-2021.10.win32_1.0.0.202111181127/tools/bin/../lib/gcc/arm-none-eabi/10.3.1/../../../../arm-none-eabi/lib/thumb/v7e-m+fp/hard\libm.a(lib_a-s_floor.o)
                              ./Core/Src/SSD1322_OLED_lib/SSD1322_GFX.o (floor)
c:/st/stm32cubeide_1.6.1/stm32cubeide/plugins/com.st.stm32cube.ide.mcu.externaltools.gnu-tools-for-stm32.10.3-2021.10.win32_1.0.0.202111181127/tools/bin/../lib/gcc/arm-none-eabi/10.3.1/thumb/v7e-m+fp/hard\libgcc.a(_arm_muldf3.o)
                              ./Core/Src/SSD1322_OLED_lib/SSD1322_GFX.o (__aeabi_dmul)
c:/st/stm32cubeide_1.6.1/stm32cubeide/plugins/com.st.stm32cube.ide.mcu.externaltools.gnu-tools-for-stm32.10.3-2021.10.win32_1.0.0.202111181127/tools/bin/../lib/gcc/arm-none-eabi/10.3.1/thumb/v7e-m+fp/hard\libgcc.a(_arm_addsubdf3.o)
                              ./Core/Src/SSD1322_OLED_lib/SSD1322_GFX.o (__aeabi_dsub)
c:/st/stm32cubeide_1.6.1/stm32cubeide/plugins/com.st.stm32cube.ide.mcu.externaltools.gnu-tools-for-stm32.10.3-2021.10.win32_1.0.0.202111181127/tools/bin/../lib/gcc/arm-none-eabi/10.3.1/thumb/v7e-m+fp/hard\libgcc.a(_arm_cmpdf2.o)
                              c:/st/stm32cubeide_1.6.1/stm32cubeide/plugins/com.st.stm32cube.ide.mcu.externaltools.gnu-tools-for-stm32.10.3-2021.10.win32_1.0.0.202111181127/tools/bin/../lib/gcc/arm-none-eabi/10.3.1/../../../../arm-none-eabi/lib/thumb/v7e-m+fp/hard\libm.a(lib_a-s_floor.o) (__aeabi_dcmpgt)
c:/st/stm32cubeide_1.6.1/stm32cubeide/plugins/com.st.stm32cube.ide.mcu.externaltools.gnu-tools-for-stm32.10.3-2021.10.win32_1.0.0.202111181127/tools/bin/../lib/gcc/arm-none-eabi/10.3.1/thumb/v7e-m+fp/hard\libgcc.a(_arm_fixunsdfsi.o)
                              ./Core/Src/SSD1322_OLED_lib/SSD1322_GFX.o (__aeabi_d2uiz)
c:/st/stm32cubeide_1.6.1/stm32cubeide/plugins/com.st.stm32cube.ide.mcu.externaltools.gnu-tools-for-stm32.10.3-2021.10.win32_1.0.0.202111181127/tools/bin/../lib/gcc/arm-none-eabi/10.3.1/thumb/v7e-m+fp/hard\libgcc.a(_arm_truncdfsf2.o)
[...]
Memory Configuration

Name             Origin             Length             Attributes
RAM              0x0000000020000000 0x0000000000018000 xrw
RAM2             0x0000000010000000 0x0000000000008000 xrw
FLASH            0x0000000008000000 0x0000000000100000 xr
*default*        0x0000000000000000 0xffffffffffffffff

Linker script and memory map

LOAD c:/st/stm32cubeide_1.6.1/stm32cubeide/plugins/com.st.stm32cube.ide.mcu.externaltools.gnu-tools-for-stm32.10.3-2021.10.win32_1.0.0.202111181127/tools/bin/../lib/gcc/arm-none-eabi/10.3.1/thumb/v7e-m+fp/hard/crti.o
LOAD c:/st/stm32cubeide_1.6.1/stm32cubeide/plugins/com.st.stm32cube.ide.mcu.externaltools.gnu-tools-for-stm32.10.3-2021.10.win32_1.0.0.202111181127/tools/bin/../lib/gcc/arm-none-eabi/10.3.1/thumb/v7e-m+fp/hard/crtbegin.o
LOAD c:/st/stm32cubeide_1.6.1/stm32cubeide/plugins/com.st.stm32cube.ide.mcu.externaltools.gnu-tools-for-stm32.10.3-2021.10.win32_1.0.0.202111181127/tools/bin/../lib/gcc/arm-none-eabi/10.3.1/../../../../arm-none-eabi/lib/thumb/v7e-m+fp/hard/crt0.o
LOAD ./Core/Src/FreeRtos/croutine.o
LOAD ./Core/Src/FreeRtos/event_groups.o
LOAD ./Core/Src/FreeRtos/freertos.o
LOAD ./Core/Src/FreeRtos/list.o
LOAD ./Core/Src/FreeRtos/queue.o
LOAD ./Core/Src/FreeRtos/stream_buffer.o
LOAD ./Core/Src/FreeRtos/tasks.o
LOAD ./Core/Src/FreeRtos/timers.o
LOAD ./Core/Src/FreeRtos/portable/GCC/ARM_CM4F/port.o
LOAD ./Core/Src/FreeRtos/portable/MemMang/heap_4.o
LOAD ./Core/Src/SSD1322_OLED_lib/SSD1322_API.o
LOAD ./Core/Src/SSD1322_OLED_lib/SSD1322_GFX.o
LOAD ./Core/Src/SSD1322_OLED_lib/SSD1322_HW_Driver.o
LOAD ./Core/Src/main.o
LOAD ./Core/Src/stm32l4xx_hal_msp.o
LOAD ./Core/Src/stm32l4xx_hal_timebase_tim.o
LOAD ./Core/Src/stm32l4xx_it.o
LOAD ./Core/Src/syscalls.o
LOAD ./Core/Src/sysmem.o
LOAD ./Core/Src/system_stm32l4xx.o
LOAD ./Core/Startup/startup_stm32l476rgtx.o
LOAD ./Drivers/STM32L4xx_HAL_Driver/Src/stm32l4xx_hal.o
LOAD ./Drivers/STM32L4xx_HAL_Driver/Src/stm32l4xx_hal_cortex.o
LOAD ./Drivers/STM32L4xx_HAL_Driver/Src/stm32l4xx_hal_dma.o
LOAD ./Drivers/STM32L4xx_HAL_Driver/Src/stm32l4xx_hal_dma_ex.o
LOAD ./Drivers/STM32L4xx_HAL_Driver/Src/stm32l4xx_hal_exti.o
LOAD ./Drivers/STM32L4xx_HAL_Driver/Src/stm32l4xx_hal_flash.o
LOAD ./Drivers/STM32L4xx_HAL_Driver/Src/stm32l4xx_hal_flash_ex.o
LOAD ./Drivers/STM32L4xx_HAL_Driver/Src/stm32l4xx_hal_flash_ramfunc.o
LOAD ./Drivers/STM32L4xx_HAL_Driver/Src/stm32l4xx_hal_gpio.o
LOAD ./Drivers/STM32L4xx_HAL_Driver/Src/stm32l4xx_hal_i2c.o
LOAD ./Drivers/STM32L4xx_HAL_Driver/Src/stm32l4xx_hal_i2c_ex.o
LOAD ./Drivers/STM32L4xx_HAL_Driver/Src/stm32l4xx_hal_pwr.o
LOAD ./Drivers/STM32L4xx_HAL_Driver/Src/stm32l4xx_hal_pwr_ex.o
LOAD ./Drivers/STM32L4xx_HAL_Driver/Src/stm32l4xx_hal_rcc.o
LOAD ./Drivers/STM32L4xx_HAL_Driver/Src/stm32l4xx_hal_rcc_ex.o
LOAD ./Drivers/STM32L4xx_HAL_Driver/Src/stm32l4xx_hal_spi.o
LOAD ./Drivers/STM32L4xx_HAL_Driver/Src/stm32l4xx_hal_spi_ex.o
LOAD ./Drivers/STM32L4xx_HAL_Driver/Src/stm32l4xx_hal_tim.o
LOAD ./Drivers/STM32L4xx_HAL_Driver/Src/stm32l4xx_hal_tim_ex.o
LOAD ./Drivers/STM32L4xx_HAL_Driver/Src/stm32l4xx_hal_uart.o
LOAD ./Drivers/STM32L4xx_HAL_Driver/Src/stm32l4xx_hal_uart_ex.o
START GROUP
LOAD c:/st/stm32cubeide_1.6.1/stm32cubeide/plugins/com.st.stm32cube.ide.mcu.externaltools.gnu-tools-for-stm32.10.3-2021.10.win32_1.0.0.202111181127/tools/bin/../lib/gcc/arm-none-eabi/10.3.1/../../../../arm-none-eabi/lib/thumb/v7e-m+fp/hard\libc_nano.a
LOAD c:/st/stm32cubeide_1.6.1/stm32cubeide/plugins/com.st.stm32cube.ide.mcu.externaltools.gnu-tools-for-stm32.10.3-2021.10.win32_1.0.0.202111181127/tools/bin/../lib/gcc/arm-none-eabi/10.3.1/../../../../arm-none-eabi/lib/thumb/v7e-m+fp/hard\libm.a
END GROUP
START GROUP
LOAD c:/st/stm32cubeide_1.6.1/stm32cubeide/plugins/com.st.stm32cube.ide.mcu.externaltools.gnu-tools-for-stm32.10.3-2021.10.win32_1.0.0.202111181127/tools/bin/../lib/gcc/arm-none-eabi/10.3.1/thumb/v7e-m+fp/hard\libgcc.a
LOAD c:/st/stm32cubeide_1.6.1/stm32cubeide/plugins/com.st.stm32cube.ide.mcu.externaltools.gnu-tools-for-stm32.10.3-2021.10.win32_1.0.0.202111181127/tools/bin/../lib/gcc/arm-none-eabi/10.3.1/../../../../arm-none-eabi/lib/thumb/v7e-m+fp/hard\libc_nano.a
END GROUP
START GROUP
LOAD c:/st/stm32cubeide_1.6.1/stm32cubeide/plugins/com.st.stm32cube.ide.mcu.externaltools.gnu-tools-for-stm32.10.3-2021.10.win32_1.0.0.202111181127/tools/bin/../lib/gcc/arm-none-eabi/10.3.1/thumb/v7e-m+fp/hard\libgcc.a
LOAD c:/st/stm32cubeide_1.6.1/stm32cubeide/plugins/com.st.stm32cube.ide.mcu.externaltools.gnu-tools-for-stm32.10.3-2021.10.win32_1.0.0.202111181127/tools/bin/../lib/gcc/arm-none-eabi/10.3.1/../../../../arm-none-eabi/lib/thumb/v7e-m+fp/hard\libc_nano.a
LOAD c:/st/stm32cubeide_1.6.1/stm32cubeide/plugins/com.st.stm32cube.ide.mcu.externaltools.gnu-tools-for-stm32.10.3-2021.10.win32_1.0.0.202111181127/tools/bin/../lib/gcc/arm-none-eabi/10.3.1/../../../../arm-none-eabi/lib/thumb/v7e-m+fp/hard\libnosys.a
END GROUP
START GROUP
LOAD c:/st/stm32cubeide_1.6.1/stm32cubeide/plugins/com.st.stm32cube.ide.mcu.externaltools.gnu-tools-for-stm32.10.3-2021.10.win32_1.0.0.202111181127/tools/bin/../lib/gcc/arm-none-eabi/10.3.1/thumb/v7e-m+fp/hard\libgcc.a
LOAD c:/st/stm32cubeide_1.6.1/stm32cubeide/plugins/com.st.stm32cube.ide.mcu.externaltools.gnu-tools-for-stm32.10.3-2021.10.win32_1.0.0.202111181127/tools/bin/../lib/gcc/arm-none-eabi/10.3.1/../../../../arm-none-eabi/lib/thumb/v7e-m+fp/hard\libc_nano.a
LOAD c:/st/stm32cubeide_1.6.1/stm32cubeide/plugins/com.st.stm32cube.ide.mcu.externaltools.gnu-tools-for-stm32.10.3-2021.10.win32_1.0.0.202111181127/tools/bin/../lib/gcc/arm-none-eabi/10.3.1/../../../../arm-none-eabi/lib/thumb/v7e-m+fp/hard\libnosys.a
END GROUP
LOAD c:/st/stm32cubeide_1.6.1/stm32cubeide/plugins/com.st.stm32cube.ide.mcu.externaltools.gnu-tools-for-stm32.10.3-2021.10.win32_1.0.0.202111181127/tools/bin/../lib/gcc/arm-none-eabi/10.3.1/thumb/v7e-m+fp/hard/crtend.o
LOAD c:/st/stm32cubeide_1.6.1/stm32cubeide/plugins/com.st.stm32cube.ide.mcu.externaltools.gnu-tools-for-stm32.10.3-2021.10.win32_1.0.0.202111181127/tools/bin/../lib/gcc/arm-none-eabi/10.3.1/thumb/v7e-m+fp/hard/crtn.o
                0x0000000020018000                _estack = (ORIGIN (RAM) + LENGTH (RAM))
                0x0000000000000200                _Min_Heap_Size = 0x200
                0x0000000000000400                _Min_Stack_Size = 0x400

.isr_vector     0x0000000008000000      0x188
                0x0000000008000000                . = ALIGN (0x4)
 *(.isr_vector)
 .isr_vector    0x0000000008000000      0x188 ./Core/Startup/startup_stm32l476rgtx.o
                0x0000000008000000                g_pfnVectors
                0x0000000008000188                . = ALIGN (0x4)

.text           0x0000000008000190     0x97e0
                0x0000000008000190                . = ALIGN (0x4)
 *(.text)
 .text          0x0000000008000190       0x40 c:/st/stm32cubeide_1.6.1/stm32cubeide/plugins/com.st.stm32cube.ide.mcu.externaltools.gnu-tools-for-stm32.10.3-2021.10.win32_1.0.0.202111181127/tools/bin/../lib/gcc/arm-none-eabi/10.3.1/thumb/v7e-m+fp/hard/crtbegin.o
 .text          0x00000000080001d0      0x254 c:/st/stm32cubeide_1.6.1/stm32cubeide/plugins/com.st.stm32cube.ide.mcu.externaltools.gnu-tools-for-stm32.10.3-2021.10.win32_1.0.0.202111181127/tools/bin/../lib/gcc/arm-none-eabi/10.3.1/thumb/v7e-m+fp/hard\libgcc.a(_arm_muldf3.o)
                0x00000000080001d0                __muldf3
                0x00000000080001d0                __aeabi_dmul
 .text          0x0000000008000424      0x378 c:/st/stm32cubeide_1.6.1/stm32cubeide/plugins/com.st.stm32cube.ide.mcu.externaltools.gnu-tools-for-stm32.10.3-2021.10.win32_1.0.0.202111181127/tools/bin/../lib/gcc/arm-none-eabi/10.3.1/thumb/v7e-m+fp/hard\libgcc.a(_arm_addsubdf3.o)
                0x0000000008000424                __aeabi_drsub
                0x000000000800042c                __aeabi_dsub
                0x000000000800042c                __subdf3
                0x0000000008000430                __aeabi_dadd
                0x0000000008000430                __adddf3
                0x00000000080006a8                __floatunsidf
                0x00000000080006a8                __aeabi_ui2d
                0x00000000080006c8                __floatsidf
                0x00000000080006c8                __aeabi_i2d
                0x00000000080006ec                __aeabi_f2d
                0x00000000080006ec                __extendsfdf2
                0x0000000008000730                __floatundidf
                0x0000000008000730                __aeabi_ul2d
                0x0000000008000740                __floatdidf
                0x0000000008000740                __aeabi_l2d
 .text          0x000000000800079c      0x110 c:/st/stm32cubeide_1.6.1/stm32cubeide/plugins/com.st.stm32cube.ide.mcu.externaltools.gnu-tools-for-stm32.10.3-2021.10.win32_1.0.0.202111181127/tools/bin/../lib/gcc/arm-none-eabi/10.3.1/thumb/v7e-m+fp/hard\libgcc.a(_arm_cmpdf2.o)
                0x000000000800079c                __gtdf2
                0x000000000800079c                __gedf2
                0x00000000080007a4                __ltdf2
                0x00000000080007a4                __ledf2
                0x00000000080007ac                __nedf2
                0x00000000080007ac                __eqdf2
                0x00000000080007ac                __cmpdf2
                0x0000000008000828                __aeabi_cdrcmple
                0x0000000008000838                __aeabi_cdcmpeq
                0x0000000008000838                __aeabi_cdcmple
                0x0000000008000848                __aeabi_dcmpeq
                0x000000000800085c                __aeabi_dcmplt
                0x0000000008000870                __aeabi_dcmple
                0x0000000008000884                __aeabi_dcmpge
                0x0000000008000898                __aeabi_dcmpgt
 .text          0x00000000080008ac       0x40 c:/st/stm32cubeide_1.6.1/stm32cubeide/plugins/com.st.stm32cube.ide.mcu.externaltools.gnu-tools-for-stm32.10.3-2021.10.win32_1.0.0.202111181127/tools/bin/../lib/gcc/arm-none-eabi/10.3.1/thumb/v7e-m+fp/hard\libgcc.a(_arm_fixunsdfsi.o)
                0x00000000080008ac                __aeabi_d2uiz
                0x00000000080008ac                __fixunsdfsi
 .text          0x00000000080008ec       0xa0 c:/st/stm32cubeide_1.6.1/stm32cubeide/plugins/com.st.stm32cube.ide.mcu.externaltools.gnu-tools-for-stm32.10.3-2021.10.win32_1.0.0.202111181127/tools/bin/../lib/gcc/arm-none-eabi/10.3.1/thumb/v7e-m+fp/hard\libgcc.a(_arm_truncdfsf2.o)
                0x00000000080008ec                __truncdfsf2
                0x00000000080008ec                __aeabi_d2f
 .text          0x000000000800098c       0x30 c:/st/stm32cubeide_1.6.1/stm32cubeide/plugins/com.st.stm32cube.ide.mcu.externaltools.gnu-tools-for-stm32.10.3-2021.10.win32_1.0.0.202111181127/tools/bin/../lib/gcc/arm-none-eabi/10.3.1/thumb/v7e-m+fp/hard\libgcc.a(_aeabi_uldivmod.o)
                0x000000000800098c                __aeabi_uldivmod
 .text          0x00000000080009bc      0x2d0 c:/st/stm32cubeide_1.6.1/stm32cubeide/plugins/com.st.stm32cube.ide.mcu.externaltools.gnu-tools-for-stm32.10.3-2021.10.win32_1.0.0.202111181127/tools/bin/../lib/gcc/arm-none-eabi/10.3.1/thumb/v7e-m+fp/hard\libgcc.a(_udivmoddi4.o)
                0x00000000080009bc                __udivmoddi4
 .text          0x0000000008000c8c        0x4 c:/st/stm32cubeide_1.6.1/stm32cubeide/plugins/com.st.stm32cube.ide.mcu.externaltools.gnu-tools-for-stm32.10.3-2021.10.win32_1.0.0.202111181127/tools/bin/../lib/gcc/arm-none-eabi/10.3.1/thumb/v7e-m+fp/hard\libgcc.a(_dvmd_tls.o)
                0x0000000008000c8c                __aeabi_idiv0
                0x0000000008000c8c                __aeabi_ldiv0
 *(.text*)
 .text.vApplicationGetTimerTaskMemory
                0x0000000008000c90       0x34 ./Core/Src/FreeRtos/freertos.o
                0x0000000008000c90                vApplicationGetTimerTaskMemory
 .text.vApplicationGetIdleTaskMemory
                0x0000000008000cc4       0x34 ./Core/Src/FreeRtos/freertos.o
                0x0000000008000cc4                vApplicationGetIdleTaskMemory
 .text.vListInitialise
                0x0000000008000cf8       0x40 ./Core/Src/FreeRtos/list.o
                0x0000000008000cf8                vListInitialise
 .text.vListInitialiseItem
                0x0000000008000d38       0x1a ./Core/Src/FreeRtos/list.o
                0x0000000008000d38                vListInitialiseItem
 .text.vListInsert
                0x0000000008000d52       0x72 ./Core/Src/FreeRtos/list.o
                0x0000000008000d52                vListInsert
 .text.uxListRemove
                0x0000000008000dc4       0x54 ./Core/Src/FreeRtos/list.o
                0x0000000008000dc4                uxListRemove
 .text.xQueueGenericReset
                0x0000000008000e18      0x120 ./Core/Src/FreeRtos/queue.o
                0x0000000008000e18                xQueueGenericReset
 .text.xQueueGenericCreateStatic
                0x0000000008000f38       0xbc ./Core/Src/FreeRtos/queue.o
                0x0000000008000f38                xQueueGenericCreateStatic
 .text.xQueueGenericCreate
                0x0000000008000ff4       0xa4 ./Core/Src/FreeRtos/queue.o
                0x0000000008000ff4                xQueueGenericCreate
 .text.prvInitialiseNewQueue
                0x0000000008001098       0x3e ./Core/Src/FreeRtos/queue.o
 *fill*         0x00000000080010d6        0x2 
 .text.xQueueGenericSend
                0x00000000080010d8      0x1fc ./Core/Src/FreeRtos/queue.o
                0x00000000080010d8                xQueueGenericSend
 .text.xQueueGenericSendFromISR
                0x00000000080012d4      0x154 ./Core/Src/FreeRtos/queue.o
                0x00000000080012d4                xQueueGenericSendFromISR
 .text.xQueueReceive
                0x0000000008001428      0x1c0 ./Core/Src/FreeRtos/queue.o
                0x0000000008001428                xQueueReceive
 .text.prvCopyDataToQueue
                0x00000000080015e8       0xd4 ./Core/Src/FreeRtos/queue.o
 .text.prvCopyDataFromQueue
                0x00000000080016bc       0x4c ./Core/Src/FreeRtos/queue.o
 .text.prvUnlockQueue
                0x0000000008001708       0xa4 ./Core/Src/FreeRtos/queue.o
 .text.prvIsQueueEmpty
                0x00000000080017ac       0x2c ./Core/Src/FreeRtos/queue.o
 .text.prvIsQueueFull
                0x00000000080017d8       0x30 ./Core/Src/FreeRtos/queue.o
 .text.vQueueAddToRegistry
                0x0000000008001808       0x9c ./Core/Src/FreeRtos/queue.o
                0x0000000008001808                vQueueAddToRegistry
 .text.vQueueWaitForMessageRestricted
                0x00000000080018a4       0x68 ./Core/Src/FreeRtos/queue.o
                0x00000000080018a4                vQueueWaitForMessageRestricted
 .text.xTaskCreateStatic
                0x000000000800190c       0xba ./Core/Src/FreeRtos/tasks.o
                0x000000000800190c                xTaskCreateStatic
 .text.xTaskCreate
                0x00000000080019c6       0x8a ./Core/Src/FreeRtos/tasks.o
                0x00000000080019c6                xTaskCreate
 .text.prvInitialiseNewTask
                0x0000000008001a50      0x138 ./Core/Src/FreeRtos/tasks.o
 .text.prvAddNewTaskToReadyList
                0x0000000008001b88      0x124 ./Core/Src/FreeRtos/tasks.o
 .text.vTaskDelay
                0x0000000008001cac       0x68 ./Core/Src/FreeRtos/tasks.o
                0x0000000008001cac                vTaskDelay
 .text.vTaskStartScheduler
                0x0000000008001d14       0xd4 ./Core/Src/FreeRtos/tasks.o
                0x0000000008001d14                vTaskStartScheduler
 .text.vTaskSuspendAll
                0x0000000008001de8       0x1c ./Core/Src/FreeRtos/tasks.o
                0x0000000008001de8                vTaskSuspendAll
 .text.xTaskResumeAll
                0x0000000008001e04      0x1f8 ./Core/Src/FreeRtos/tasks.o
                0x0000000008001e04                xTaskResumeAll
 .text.xTaskGetTickCount
                0x0000000008001ffc       0x20 ./Core/Src/FreeRtos/tasks.o
                0x0000000008001ffc                xTaskGetTickCount
 .text.xTaskIncrementTick
                0x000000000800201c      0x22c ./Core/Src/FreeRtos/tasks.o
                0x000000000800201c                xTaskIncrementTick
 .text.vTaskSwitchContext
                0x0000000008002248       0xb8 ./Core/Src/FreeRtos/tasks.o
                0x0000000008002248                vTaskSwitchContext
 .text.vTaskPlaceOnEventList
                0x0000000008002300       0x48 ./Core/Src/FreeRtos/tasks.o
                0x0000000008002300                vTaskPlaceOnEventList
 .text.vTaskPlaceOnEventListRestricted
                0x0000000008002348       0x8c ./Core/Src/FreeRtos/tasks.o
                0x0000000008002348                vTaskPlaceOnEventListRestricted
 .text.xTaskRemoveFromEventList
                0x00000000080023d4      0x1ac ./Core/Src/FreeRtos/tasks.o
                0x00000000080023d4                xTaskRemoveFromEventList
 .text.vTaskInternalSetTimeOutState
                0x0000000008002580       0x2c ./Core/Src/FreeRtos/tasks.o
                0x0000000008002580                vTaskInternalSetTimeOutState
 .text.xTaskCheckForTimeOut
                0x00000000080025ac       0xcc ./Core/Src/FreeRtos/tasks.o
                0x00000000080025ac                xTaskCheckForTimeOut
 .text.vTaskMissedYield
                0x0000000008002678       0x18 ./Core/Src/FreeRtos/tasks.o
                0x0000000008002678                vTaskMissedYield
 .text.prvIdleTask
                0x0000000008002690       0x30 ./Core/Src/FreeRtos/tasks.o
 .text.prvInitialiseTaskLists
                0x00000000080026c0       0x80 ./Core/Src/FreeRtos/tasks.o
 .text.prvCheckTasksWaitingTermination
                0x0000000008002740       0x5c ./Core/Src/FreeRtos/tasks.o
 .text.prvDeleteTCB
                0x000000000800279c       0x5e ./Core/Src/FreeRtos/tasks.o
 *fill*         0x00000000080027fa        0x2 
 .text.prvResetNextTaskUnblockTime
                0x00000000080027fc       0x38 ./Core/Src/FreeRtos/tasks.o
 .text.xTaskGetSchedulerState
                0x0000000008002834       0x3c ./Core/Src/FreeRtos/tasks.o
                0x0000000008002834                xTaskGetSchedulerState
 .text.xTaskPriorityDisinherit
                0x0000000008002870      0x148 ./Core/Src/FreeRtos/tasks.o
                0x0000000008002870                xTaskPriorityDisinherit
 .text.ulTaskGenericNotifyTake
                0x00000000080029b8       0xd8 ./Core/Src/FreeRtos/tasks.o
                0x00000000080029b8                ulTaskGenericNotifyTake
 .text.xTaskGenericNotify
                0x0000000008002a90      0x254 ./Core/Src/FreeRtos/tasks.o
                0x0000000008002a90                xTaskGenericNotify
 .text.vTaskGenericNotifyGiveFromISR
                0x0000000008002ce4      0x210 ./Core/Src/FreeRtos/tasks.o
                0x0000000008002ce4                vTaskGenericNotifyGiveFromISR
 .text.prvAddCurrentTaskToDelayedList
                0x0000000008002ef4      0x100 ./Core/Src/FreeRtos/tasks.o
 .text.xTimerCreateTimerTask
                0x0000000008002ff4       0x90 ./Core/Src/FreeRtos/timers.o
                0x0000000008002ff4                xTimerCreateTimerTask
 .text.prvReloadTimer
                0x0000000008003084       0x42 ./Core/Src/FreeRtos/timers.o
 *fill*         0x00000000080030c6        0x2 
 .text.prvProcessExpiredTimer
                0x00000000080030c8       0x60 ./Core/Src/FreeRtos/timers.o
 .text.prvTimerTask
                0x0000000008003128       0x24 ./Core/Src/FreeRtos/timers.o
 .text.prvProcessTimerOrBlockTask
                0x000000000800314c       0x9c ./Core/Src/FreeRtos/timers.o
 .text.prvGetNextExpireTime
                0x00000000080031e8       0x48 ./Core/Src/FreeRtos/timers.o
 .text.prvSampleTimeNow
                0x0000000008003230       0x40 ./Core/Src/FreeRtos/timers.o
 .text.prvInsertTimerInActiveList
                0x0000000008003270       0x84 ./Core/Src/FreeRtos/timers.o
 .text.prvProcessReceivedCommands
                0x00000000080032f4      0x17c ./Core/Src/FreeRtos/timers.o
 .text.prvSwitchTimerLists
                0x0000000008003470       0x4c ./Core/Src/FreeRtos/timers.o
 .text.prvCheckForValidListAndQueue
                0x00000000080034bc       0x80 ./Core/Src/FreeRtos/timers.o
 .text.pxPortInitialiseStack
                0x000000000800353c       0x68 ./Core/Src/FreeRtos/portable/GCC/ARM_CM4F/port.o
                0x000000000800353c                pxPortInitialiseStack
 .text.prvTaskExitError
                0x00000000080035a4       0x58 ./Core/Src/FreeRtos/portable/GCC/ARM_CM4F/port.o
 *fill*         0x00000000080035fc        0x4 
 .text.SVC_Handler
                0x0000000008003600       0x28 ./Core/Src/FreeRtos/portable/GCC/ARM_CM4F/port.o
                0x0000000008003600                SVC_Handler
 .text.prvPortStartFirstTask
                0x0000000008003628       0x2c ./Core/Src/FreeRtos/portable/GCC/ARM_CM4F/port.o
 .text.xPortStartScheduler
                0x0000000008003654      0x144 ./Core/Src/FreeRtos/portable/GCC/ARM_CM4F/port.o
                0x0000000008003654                xPortStartScheduler
 .text.vPortEnterCritical
                0x0000000008003798       0x60 ./Core/Src/FreeRtos/portable/GCC/ARM_CM4F/port.o
                0x0000000008003798                vPortEnterCritical
 .text.vPortExitCritical
                0x00000000080037f8       0x54 ./Core/Src/FreeRtos/portable/GCC/ARM_CM4F/port.o
                0x00000000080037f8                vPortExitCritical
 *fill*         0x000000000800384c        0x4 
 .text.PendSV_Handler
                0x0000000008003850       0x68 ./Core/Src/FreeRtos/portable/GCC/ARM_CM4F/port.o
                0x0000000008003850                PendSV_Handler
 .text.SysTick_Handler
                0x00000000080038b8       0x44 ./Core/Src/FreeRtos/portable/GCC/ARM_CM4F/port.o
                0x00000000080038b8                SysTick_Handler
 .text.vPortSetupTimerInterrupt
                0x00000000080038fc       0x34 ./Core/Src/FreeRtos/portable/GCC/ARM_CM4F/port.o
                0x00000000080038fc                vPortSetupTimerInterrupt
 .text.vPortEnableVFP
                0x0000000008003930       0x18 ./Core/Src/FreeRtos/portable/GCC/ARM_CM4F/port.o
 .text.vPortValidateInterruptPriority
                0x0000000008003948       0x80 ./Core/Src/FreeRtos/portable/GCC/ARM_CM4F/port.o
                0x0000000008003948                vPortValidateInterruptPriority
 .text.pvPortMalloc
                0x00000000080039c8      0x1c0 ./Core/Src/FreeRtos/portable/MemMang/heap_4.o
                0x00000000080039c8                pvPortMalloc
 .text.vPortFree
                0x0000000008003b88       0xc4 ./Core/Src/FreeRtos/portable/MemMang/heap_4.o
                0x0000000008003b88                vPortFree
 .text.prvHeapInit
                0x0000000008003c4c       0xc4 ./Core/Src/FreeRtos/portable/MemMang/heap_4.o
 .text.prvInsertBlockIntoFreeList
                0x0000000008003d10       0xb4 ./Core/Src/FreeRtos/portable/MemMang/heap_4.o
 .text.SSD1322_API_command
                0x0000000008003dc4       0xd4 ./Core/Src/SSD1322_OLED_lib/SSD1322_API.o
                0x0000000008003dc4                SSD1322_API_command
 .text.SSD1322_API_data
                0x0000000008003e98       0xd4 ./Core/Src/SSD1322_OLED_lib/SSD1322_API.o
                0x0000000008003e98                SSD1322_API_data
 .text.OledTask
                0x0000000008003f6c       0xb0 ./Core/Src/SSD1322_OLED_lib/SSD1322_API.o
                0x0000000008003f6c                OledTask
 .text.SSD1322_API_init
                0x000000000800401c      0x160 ./Core/Src/SSD1322_OLED_lib/SSD1322_API.o
                0x000000000800401c                SSD1322_API_init
 .text.SSD1322_API_set_display_mode
                0x000000000800417c       0x50 ./Core/Src/SSD1322_OLED_lib/SSD1322_API.o
                0x000000000800417c                SSD1322_API_set_display_mode
 .text.SSD1322_API_sleep_on
                0x00000000080041cc        0xe ./Core/Src/SSD1322_OLED_lib/SSD1322_API.o
                0x00000000080041cc                SSD1322_API_sleep_on
 .text.SSD1322_API_sleep_off
                0x00000000080041da        0xe ./Core/Src/SSD1322_OLED_lib/SSD1322_API.o
                0x00000000080041da                SSD1322_API_sleep_off
 .text.SSD1322_API_custom_grayscale
                0x00000000080041e8       0x4e ./Core/Src/SSD1322_OLED_lib/SSD1322_API.o
                0x00000000080041e8                SSD1322_API_custom_grayscale
 .text.SSD1322_API_default_grayscale
                0x0000000008004236        0xe ./Core/Src/SSD1322_OLED_lib/SSD1322_API.o
                0x0000000008004236                SSD1322_API_default_grayscale
 .text.SSD1322_API_set_window
                0x0000000008004244       0x5a ./Core/Src/SSD1322_OLED_lib/SSD1322_API.o
                0x0000000008004244                SSD1322_API_set_window
 *fill*         0x000000000800429e        0x2 
 .text.SSD1322_API_send_buffer
                0x00000000080042a0       0xd0 ./Core/Src/SSD1322_OLED_lib/SSD1322_API.o
                0x00000000080042a0                SSD1322_API_send_buffer
 .text.set_buffer_size
                0x0000000008004370       0x28 ./Core/Src/SSD1322_OLED_lib/SSD1322_GFX.o
                0x0000000008004370                set_buffer_size
 .text.fill_buffer
                0x0000000008004398       0x60 ./Core/Src/SSD1322_OLED_lib/SSD1322_GFX.o
                0x0000000008004398                fill_buffer
 .text.draw_pixel
                0x00000000080043f8       0xf8 ./Core/Src/SSD1322_OLED_lib/SSD1322_GFX.o
                0x00000000080043f8                draw_pixel
 .text.draw_vline
                0x00000000080044f0       0x70 ./Core/Src/SSD1322_OLED_lib/SSD1322_GFX.o
                0x00000000080044f0                draw_vline
 .text.draw_hline
                0x0000000008004560       0x70 ./Core/Src/SSD1322_OLED_lib/SSD1322_GFX.o
                0x0000000008004560                draw_hline
 .text.draw_line
                0x00000000080045d0      0x154 ./Core/Src/SSD1322_OLED_lib/SSD1322_GFX.o
                0x00000000080045d0                draw_line
 .text.draw_AA_line
                0x0000000008004724      0xb08 ./Core/Src/SSD1322_OLED_lib/SSD1322_GFX.o
                0x0000000008004724                draw_AA_line
 .text.draw_rect
                0x000000000800522c       0x6a ./Core/Src/SSD1322_OLED_lib/SSD1322_GFX.o
                0x000000000800522c                draw_rect
 .text.draw_rect_filled
                0x0000000008005296       0x5a ./Core/Src/SSD1322_OLED_lib/SSD1322_GFX.o
                0x0000000008005296                draw_rect_filled
 .text.draw_circle
                0x00000000080052f0      0x1bc ./Core/Src/SSD1322_OLED_lib/SSD1322_GFX.o
                0x00000000080052f0                draw_circle
 .text.draw_bitmap_8bpp
                0x00000000080054ac       0x70 ./Core/Src/SSD1322_OLED_lib/SSD1322_GFX.o
                0x00000000080054ac                draw_bitmap_8bpp
 .text.draw_bitmap_4bpp
                0x000000000800551c       0xa8 ./Core/Src/SSD1322_OLED_lib/SSD1322_GFX.o
                0x000000000800551c                draw_bitmap_4bpp
 .text.select_font
                0x00000000080055c4       0x20 ./Core/Src/SSD1322_OLED_lib/SSD1322_GFX.o
                0x00000000080055c4                select_font
 .text.draw_char
                0x00000000080055e4      0x130 ./Core/Src/SSD1322_OLED_lib/SSD1322_GFX.o
                0x00000000080055e4                draw_char
 .text.draw_text
                0x0000000008005714       0x68 ./Core/Src/SSD1322_OLED_lib/SSD1322_GFX.o
                0x0000000008005714                draw_text
 .text.send_buffer_to_OLED
                0x000000000800577c       0x3c ./Core/Src/SSD1322_OLED_lib/SSD1322_GFX.o
                0x000000000800577c                send_buffer_to_OLED
 .text.SSD1322_HW_drive_CS_low
                0x00000000080057b8       0x16 ./Core/Src/SSD1322_OLED_lib/SSD1322_HW_Driver.o
                0x00000000080057b8                SSD1322_HW_drive_CS_low
 .text.SSD1322_HW_drive_CS_high
                0x00000000080057ce       0x16 ./Core/Src/SSD1322_OLED_lib/SSD1322_HW_Driver.o
                0x00000000080057ce                SSD1322_HW_drive_CS_high
 .text.SSD1322_HW_drive_DC_low
                0x00000000080057e4       0x16 ./Core/Src/SSD1322_OLED_lib/SSD1322_HW_Driver.o
                0x00000000080057e4                SSD1322_HW_drive_DC_low
 .text.SSD1322_HW_drive_DC_high
                0x00000000080057fa       0x16 ./Core/Src/SSD1322_OLED_lib/SSD1322_HW_Driver.o
                0x00000000080057fa                SSD1322_HW_drive_DC_high
 .text.SSD1322_HW_drive_RESET_low
                0x0000000008005810       0x16 ./Core/Src/SSD1322_OLED_lib/SSD1322_HW_Driver.o
                0x0000000008005810                SSD1322_HW_drive_RESET_low
 .text.SSD1322_HW_drive_RESET_high
                0x0000000008005826       0x16 ./Core/Src/SSD1322_OLED_lib/SSD1322_HW_Driver.o
                0x0000000008005826                SSD1322_HW_drive_RESET_high
 .text.HAL_SPI_TxCpltCallback
                0x000000000800583c       0x74 ./Core/Src/SSD1322_OLED_lib/SSD1322_HW_Driver.o
                0x000000000800583c                HAL_SPI_TxCpltCallback
 .text.SSD1322_HW_SPI_send_array
                0x00000000080058b0       0x30 ./Core/Src/SSD1322_OLED_lib/SSD1322_HW_Driver.o
                0x00000000080058b0                SSD1322_HW_SPI_send_array
 .text.SSD1322_HW_msDelay
                0x00000000080058e0       0x16 ./Core/Src/SSD1322_OLED_lib/SSD1322_HW_Driver.o
                0x00000000080058e0                SSD1322_HW_msDelay
 *fill*         0x00000000080058f6        0x2 
 .text.oled_test_task
                0x00000000080058f8      0x328 ./Core/Src/main.o
                0x00000000080058f8                oled_test_task
 .text.main     0x0000000008005c20      0x13c ./Core/Src/main.o
                0x0000000008005c20                main
 .text.SystemClock_Config
                0x0000000008005d5c       0xa2 ./Core/Src/main.o
                0x0000000008005d5c                SystemClock_Config
 *fill*         0x0000000008005dfe        0x2 
 .text.MX_SPI2_Init
                0x0000000008005e00       0x7c ./Core/Src/main.o
 .text.MX_USART2_UART_Init
                0x0000000008005e7c       0x60 ./Core/Src/main.o
 .text.MX_GPIO_Init
                0x0000000008005edc       0xd0 ./Core/Src/main.o
 .text.HAL_TIM_PeriodElapsedCallback
                0x0000000008005fac       0x24 ./Core/Src/main.o
                0x0000000008005fac                HAL_TIM_PeriodElapsedCallback
 .text.Error_Handler
                0x0000000008005fd0        0xa ./Core/Src/main.o
                0x0000000008005fd0                Error_Handler
 *fill*         0x0000000008005fda        0x2 
 .text.HAL_MspInit
                0x0000000008005fdc       0x48 ./Core/Src/stm32l4xx_hal_msp.o
                0x0000000008005fdc                HAL_MspInit
 .text.HAL_SPI_MspInit
                0x0000000008006024       0xd4 ./Core/Src/stm32l4xx_hal_msp.o
                0x0000000008006024                HAL_SPI_MspInit
 .text.HAL_UART_MspInit
                0x00000000080060f8       0xb8 ./Core/Src/stm32l4xx_hal_msp.o
                0x00000000080060f8                HAL_UART_MspInit
 .text.HAL_InitTick
                0x00000000080061b0       0xac ./Core/Src/stm32l4xx_hal_timebase_tim.o
                0x00000000080061b0                HAL_InitTick
 .text.NMI_Handler
                0x000000000800625c        0x6 ./Core/Src/stm32l4xx_it.o
                0x000000000800625c                NMI_Handler
 .text.HardFault_Handler
                0x0000000008006262        0x6 ./Core/Src/stm32l4xx_it.o
                0x0000000008006262                HardFault_Handler
 .text.MemManage_Handler
                0x0000000008006268        0x6 ./Core/Src/stm32l4xx_it.o
                0x0000000008006268                MemManage_Handler
 .text.BusFault_Handler
                0x000000000800626e        0x6 ./Core/Src/stm32l4xx_it.o
                0x000000000800626e                BusFault_Handler
 .text.UsageFault_Handler
                0x0000000008006274        0x6 ./Core/Src/stm32l4xx_it.o
                0x0000000008006274                UsageFault_Handler
 .text.DebugMon_Handler
                0x000000000800627a        0xe ./Core/Src/stm32l4xx_it.o
                0x000000000800627a                DebugMon_Handler
 .text.TIM1_UP_TIM16_IRQHandler
                0x0000000008006288       0x14 ./Core/Src/stm32l4xx_it.o
                0x0000000008006288                TIM1_UP_TIM16_IRQHandler
 .text.SPI2_IRQHandler
                0x000000000800629c       0x14 ./Core/Src/stm32l4xx_it.o
                0x000000000800629c                SPI2_IRQHandler
 .text.SystemInit
                0x00000000080062b0       0x24 ./Core/Src/system_stm32l4xx.o
                0x00000000080062b0                SystemInit
 .text.Reset_Handler
                0x00000000080062d4       0x50 ./Core/Startup/startup_stm32l476rgtx.o
                0x00000000080062d4                Reset_Handler
 .text.Default_Handler
                0x0000000008006324        0x2 ./Core/Startup/startup_stm32l476rgtx.o
                0x0000000008006324                RTC_Alarm_IRQHandler
                0x0000000008006324                EXTI2_IRQHandler
                0x0000000008006324                TIM8_TRG_COM_IRQHandler
                0x0000000008006324                TIM8_CC_IRQHandler
                0x0000000008006324                TIM1_CC_IRQHandler
                0x0000000008006324                TSC_IRQHandler
                0x0000000008006324                TAMP_STAMP_IRQHandler
                0x0000000008006324                EXTI3_IRQHandler
                0x0000000008006324                LPTIM2_IRQHandler
                0x0000000008006324                DFSDM1_FLT1_IRQHandler
                0x0000000008006324                I2C3_ER_IRQHandler
                0x0000000008006324                DFSDM1_FLT2_IRQHandler
                0x0000000008006324                EXTI0_IRQHandler
                0x0000000008006324                I2C2_EV_IRQHandler
                0x0000000008006324                CAN1_RX0_IRQHandler
                0x0000000008006324                FPU_IRQHandler
                0x0000000008006324                ADC1_2_IRQHandler
                0x0000000008006324                SPI1_IRQHandler
                0x0000000008006324                TIM6_DAC_IRQHandler
                0x0000000008006324                TIM8_UP_IRQHandler
                0x0000000008006324                DMA2_Channel2_IRQHandler
                0x0000000008006324                DMA1_Channel4_IRQHandler
                0x0000000008006324                SAI2_IRQHandler
                0x0000000008006324                DFSDM1_FLT3_IRQHandler
                0x0000000008006324                USART3_IRQHandler
                0x0000000008006324                DMA1_Channel7_IRQHandler
                0x0000000008006324                CAN1_RX1_IRQHandler
                0x0000000008006324                LCD_IRQHandler
                0x0000000008006324                UART5_IRQHandler
                0x0000000008006324                ADC3_IRQHandler
                0x0000000008006324                TIM4_IRQHandler
                0x0000000008006324                DMA2_Channel1_IRQHandler
                0x0000000008006324                QUADSPI_IRQHandler
                0x0000000008006324                I2C1_EV_IRQHandler
                0x0000000008006324                DMA1_Channel6_IRQHandler
                0x0000000008006324                UART4_IRQHandler
                0x0000000008006324                DMA2_Channel4_IRQHandler
                0x0000000008006324                TIM3_IRQHandler
                0x0000000008006324                RCC_IRQHandler
                0x0000000008006324                DMA1_Channel1_IRQHandler
                0x0000000008006324                Default_Handler
                0x0000000008006324                DMA2_Channel7_IRQHandler
                0x0000000008006324                EXTI15_10_IRQHandler
                0x0000000008006324                TIM7_IRQHandler
                0x0000000008006324                SDMMC1_IRQHandler
                0x0000000008006324                TIM5_IRQHandler
                0x0000000008006324                I2C3_EV_IRQHandler
                0x0000000008006324                EXTI9_5_IRQHandler
                0x0000000008006324                RTC_WKUP_IRQHandler
                0x0000000008006324                PVD_PVM_IRQHandler
                0x0000000008006324                CAN1_TX_IRQHandler
                0x0000000008006324                DMA2_Channel5_IRQHandler
                0x0000000008006324                DMA1_Channel5_IRQHandler
                0x0000000008006324                EXTI4_IRQHandler
                0x0000000008006324                RNG_IRQHandler
                0x0000000008006324                TIM1_TRG_COM_TIM17_IRQHandler
                0x0000000008006324                DMA1_Channel3_IRQHandler
                0x0000000008006324                COMP_IRQHandler
                0x0000000008006324                WWDG_IRQHandler
                0x0000000008006324                LPUART1_IRQHandler
                0x0000000008006324                DMA2_Channel6_IRQHandler
                0x0000000008006324                TIM2_IRQHandler
                0x0000000008006324                EXTI1_IRQHandler
                0x0000000008006324                USART2_IRQHandler
                0x0000000008006324                DFSDM1_FLT0_IRQHandler
                0x0000000008006324                I2C2_ER_IRQHandler
                0x0000000008006324                DMA1_Channel2_IRQHandler
                0x0000000008006324                TIM8_BRK_IRQHandler
                0x0000000008006324                CAN1_SCE_IRQHandler
                0x0000000008006324                FLASH_IRQHandler
                0x0000000008006324                USART1_IRQHandler
                0x0000000008006324                OTG_FS_IRQHandler
                0x0000000008006324                SPI3_IRQHandler
                0x0000000008006324                I2C1_ER_IRQHandler
                0x0000000008006324                FMC_IRQHandler
                0x0000000008006324                SWPMI1_IRQHandler
                0x0000000008006324                LPTIM1_IRQHandler
                0x0000000008006324                SAI1_IRQHandler
                0x0000000008006324                DMA2_Channel3_IRQHandler
                0x0000000008006324                TIM1_BRK_TIM15_IRQHandler
 *fill*         0x0000000008006326        0x2 
 .text.HAL_Init
                0x0000000008006328       0x40 ./Drivers/STM32L4xx_HAL_Driver/Src/stm32l4xx_hal.o
                0x0000000008006328                HAL_Init
 .text.HAL_IncTick
                0x0000000008006368       0x28 ./Drivers/STM32L4xx_HAL_Driver/Src/stm32l4xx_hal.o
                0x0000000008006368                HAL_IncTick
 .text.HAL_GetTick
                0x0000000008006390       0x18 ./Drivers/STM32L4xx_HAL_Driver/Src/stm32l4xx_hal.o
                0x0000000008006390                HAL_GetTick
 .text.HAL_Delay
                0x00000000080063a8       0x48 ./Drivers/STM32L4xx_HAL_Driver/Src/stm32l4xx_hal.o
                0x00000000080063a8                HAL_Delay
 .text.__NVIC_SetPriorityGrouping
                0x00000000080063f0       0x48 ./Drivers/STM32L4xx_HAL_Driver/Src/stm32l4xx_hal_cortex.o
 .text.__NVIC_GetPriorityGrouping
                0x0000000008006438       0x1c ./Drivers/STM32L4xx_HAL_Driver/Src/stm32l4xx_hal_cortex.o
 .text.__NVIC_EnableIRQ
                0x0000000008006454       0x3c ./Drivers/STM32L4xx_HAL_Driver/Src/stm32l4xx_hal_cortex.o
 .text.__NVIC_SetPriority
                0x0000000008006490       0x54 ./Drivers/STM32L4xx_HAL_Driver/Src/stm32l4xx_hal_cortex.o
 .text.NVIC_EncodePriority
                0x00000000080064e4       0x66 ./Drivers/STM32L4xx_HAL_Driver/Src/stm32l4xx_hal_cortex.o
 .text.HAL_NVIC_SetPriorityGrouping
                0x000000000800654a       0x16 ./Drivers/STM32L4xx_HAL_Driver/Src/stm32l4xx_hal_cortex.o
                0x000000000800654a                HAL_NVIC_SetPriorityGrouping
 .text.HAL_NVIC_SetPriority
                0x0000000008006560       0x38 ./Drivers/STM32L4xx_HAL_Driver/Src/stm32l4xx_hal_cortex.o
                0x0000000008006560                HAL_NVIC_SetPriority
 .text.HAL_NVIC_EnableIRQ
                0x0000000008006598       0x1c ./Drivers/STM32L4xx_HAL_Driver/Src/stm32l4xx_hal_cortex.o
                0x0000000008006598                HAL_NVIC_EnableIRQ
 .text.HAL_DMA_Abort_IT
                0x00000000080065b4       0x82 ./Drivers/STM32L4xx_HAL_Driver/Src/stm32l4xx_hal_dma.o
                0x00000000080065b4                HAL_DMA_Abort_IT
 *fill*         0x0000000008006636        0x2 
 .text.HAL_GPIO_Init
                0x0000000008006638      0x354 ./Drivers/STM32L4xx_HAL_Driver/Src/stm32l4xx_hal_gpio.o
                0x0000000008006638                HAL_GPIO_Init
 .text.HAL_GPIO_WritePin
                0x000000000800698c       0x30 ./Drivers/STM32L4xx_HAL_Driver/Src/stm32l4xx_hal_gpio.o
                0x000000000800698c                HAL_GPIO_WritePin
 .text.HAL_PWREx_GetVoltageRange
                0x00000000080069bc       0x1c ./Drivers/STM32L4xx_HAL_Driver/Src/stm32l4xx_hal_pwr_ex.o
                0x00000000080069bc                HAL_PWREx_GetVoltageRange
 .text.HAL_PWREx_ControlVoltageScaling
                0x00000000080069d8       0xac ./Drivers/STM32L4xx_HAL_Driver/Src/stm32l4xx_hal_pwr_ex.o
                0x00000000080069d8                HAL_PWREx_ControlVoltageScaling
 .text.HAL_RCC_OscConfig
                0x0000000008006a84      0x7b8 ./Drivers/STM32L4xx_HAL_Driver/Src/stm32l4xx_hal_rcc.o
                0x0000000008006a84                HAL_RCC_OscConfig
 .text.HAL_RCC_ClockConfig
                0x000000000800723c      0x200 ./Drivers/STM32L4xx_HAL_Driver/Src/stm32l4xx_hal_rcc.o
                0x000000000800723c                HAL_RCC_ClockConfig
 .text.HAL_RCC_GetSysClockFreq
                0x000000000800743c      0x118 ./Drivers/STM32L4xx_HAL_Driver/Src/stm32l4xx_hal_rcc.o
                0x000000000800743c                HAL_RCC_GetSysClockFreq
 .text.HAL_RCC_GetHCLKFreq
                0x0000000008007554       0x18 ./Drivers/STM32L4xx_HAL_Driver/Src/stm32l4xx_hal_rcc.o
                0x0000000008007554                HAL_RCC_GetHCLKFreq
 .text.HAL_RCC_GetPCLK1Freq
                0x000000000800756c       0x2c ./Drivers/STM32L4xx_HAL_Driver/Src/stm32l4xx_hal_rcc.o
                0x000000000800756c                HAL_RCC_GetPCLK1Freq
 .text.HAL_RCC_GetPCLK2Freq
                0x0000000008007598       0x2c ./Drivers/STM32L4xx_HAL_Driver/Src/stm32l4xx_hal_rcc.o
                0x0000000008007598                HAL_RCC_GetPCLK2Freq
 .text.HAL_RCC_GetClockConfig
                0x00000000080075c4       0x64 ./Drivers/STM32L4xx_HAL_Driver/Src/stm32l4xx_hal_rcc.o
                0x00000000080075c4                HAL_RCC_GetClockConfig
 .text.RCC_SetFlashLatencyFromMSIRange
                0x0000000008007628       0xc0 ./Drivers/STM32L4xx_HAL_Driver/Src/stm32l4xx_hal_rcc.o
 .text.HAL_RCCEx_PeriphCLKConfig
                0x00000000080076e8      0x5d4 ./Drivers/STM32L4xx_HAL_Driver/Src/stm32l4xx_hal_rcc_ex.o
                0x00000000080076e8                HAL_RCCEx_PeriphCLKConfig
 .text.RCCEx_PLLSAI1_Config
                0x0000000008007cbc      0x1e8 ./Drivers/STM32L4xx_HAL_Driver/Src/stm32l4xx_hal_rcc_ex.o
 .text.RCCEx_PLLSAI2_Config
                0x0000000008007ea4      0x1bc ./Drivers/STM32L4xx_HAL_Driver/Src/stm32l4xx_hal_rcc_ex.o
 .text.HAL_SPI_Init
                0x0000000008008060      0x146 ./Drivers/STM32L4xx_HAL_Driver/Src/stm32l4xx_hal_spi.o
                0x0000000008008060                HAL_SPI_Init
 *fill*         0x00000000080081a6        0x2 
 .text.HAL_SPI_Transmit_IT
                0x00000000080081a8      0x11c ./Drivers/STM32L4xx_HAL_Driver/Src/stm32l4xx_hal_spi.o
                0x00000000080081a8                HAL_SPI_Transmit_IT
 .text.HAL_SPI_IRQHandler
                0x00000000080082c4      0x200 ./Drivers/STM32L4xx_HAL_Driver/Src/stm32l4xx_hal_spi.o
                0x00000000080082c4                HAL_SPI_IRQHandler
 .text.HAL_SPI_ErrorCallback
                0x00000000080084c4       0x14 ./Drivers/STM32L4xx_HAL_Driver/Src/stm32l4xx_hal_spi.o
                0x00000000080084c4                HAL_SPI_ErrorCallback
 .text.SPI_DMAAbortOnError
                0x00000000080084d8       0x2a ./Drivers/STM32L4xx_HAL_Driver/Src/stm32l4xx_hal_spi.o
 .text.SPI_TxISR_8BIT
                0x0000000008008502       0x46 ./Drivers/STM32L4xx_HAL_Driver/Src/stm32l4xx_hal_spi.o
 .text.SPI_TxISR_16BIT
                0x0000000008008548       0x44 ./Drivers/STM32L4xx_HAL_Driver/Src/stm32l4xx_hal_spi.o
 .text.SPI_WaitFlagStateUntilTimeout
                0x000000000800858c      0x110 ./Drivers/STM32L4xx_HAL_Driver/Src/stm32l4xx_hal_spi.o
 .text.SPI_WaitFifoStateUntilTimeout
                0x000000000800869c      0x12c ./Drivers/STM32L4xx_HAL_Driver/Src/stm32l4xx_hal_spi.o
 .text.SPI_EndRxTxTransaction
                0x00000000080087c8       0x8c ./Drivers/STM32L4xx_HAL_Driver/Src/stm32l4xx_hal_spi.o
 .text.SPI_CloseTx_ISR
                0x0000000008008854       0x7e ./Drivers/STM32L4xx_HAL_Driver/Src/stm32l4xx_hal_spi.o
 .text.HAL_TIM_Base_Init
                0x00000000080088d2       0xae ./Drivers/STM32L4xx_HAL_Driver/Src/stm32l4xx_hal_tim.o
                0x00000000080088d2                HAL_TIM_Base_Init
 .text.HAL_TIM_Base_MspInit
                0x0000000008008980       0x14 ./Drivers/STM32L4xx_HAL_Driver/Src/stm32l4xx_hal_tim.o
                0x0000000008008980                HAL_TIM_Base_MspInit
 .text.HAL_TIM_Base_Start_IT
                0x0000000008008994       0xe0 ./Drivers/STM32L4xx_HAL_Driver/Src/stm32l4xx_hal_tim.o
                0x0000000008008994                HAL_TIM_Base_Start_IT
 .text.HAL_TIM_IRQHandler
                0x0000000008008a74      0x23e ./Drivers/STM32L4xx_HAL_Driver/Src/stm32l4xx_hal_tim.o
                0x0000000008008a74                HAL_TIM_IRQHandler
 .text.HAL_TIM_OC_DelayElapsedCallback
                0x0000000008008cb2       0x14 ./Drivers/STM32L4xx_HAL_Driver/Src/stm32l4xx_hal_tim.o
                0x0000000008008cb2                HAL_TIM_OC_DelayElapsedCallback
 .text.HAL_TIM_IC_CaptureCallback
                0x0000000008008cc6       0x14 ./Drivers/STM32L4xx_HAL_Driver/Src/stm32l4xx_hal_tim.o
                0x0000000008008cc6                HAL_TIM_IC_CaptureCallback
 .text.HAL_TIM_PWM_PulseFinishedCallback
                0x0000000008008cda       0x14 ./Drivers/STM32L4xx_HAL_Driver/Src/stm32l4xx_hal_tim.o
                0x0000000008008cda                HAL_TIM_PWM_PulseFinishedCallback
 .text.HAL_TIM_TriggerCallback
                0x0000000008008cee       0x14 ./Drivers/STM32L4xx_HAL_Driver/Src/stm32l4xx_hal_tim.o
                0x0000000008008cee                HAL_TIM_TriggerCallback
 *fill*         0x0000000008008d02        0x2 
 .text.TIM_Base_SetConfig
                0x0000000008008d04      0x134 ./Drivers/STM32L4xx_HAL_Driver/Src/stm32l4xx_hal_tim.o
                0x0000000008008d04                TIM_Base_SetConfig
 .text.HAL_TIMEx_CommutCallback
                0x0000000008008e38       0x14 ./Drivers/STM32L4xx_HAL_Driver/Src/stm32l4xx_hal_tim_ex.o
                0x0000000008008e38                HAL_TIMEx_CommutCallback
 .text.HAL_TIMEx_BreakCallback
                0x0000000008008e4c       0x14 ./Drivers/STM32L4xx_HAL_Driver/Src/stm32l4xx_hal_tim_ex.o
                0x0000000008008e4c                HAL_TIMEx_BreakCallback
 .text.HAL_TIMEx_Break2Callback
                0x0000000008008e60       0x14 ./Drivers/STM32L4xx_HAL_Driver/Src/stm32l4xx_hal_tim_ex.o
                0x0000000008008e60                HAL_TIMEx_Break2Callback
 .text.HAL_UART_Init
                0x0000000008008e74       0x9c ./Drivers/STM32L4xx_HAL_Driver/Src/stm32l4xx_hal_uart.o
                0x0000000008008e74                HAL_UART_Init
 .text.UART_SetConfig
                0x0000000008008f10      0x570 ./Drivers/STM32L4xx_HAL_Driver/Src/stm32l4xx_hal_uart.o
                0x0000000008008f10                UART_SetConfig
 .text.UART_AdvFeatureConfig
                0x0000000008009480      0x144 ./Drivers/STM32L4xx_HAL_Driver/Src/stm32l4xx_hal_uart.o
                0x0000000008009480                UART_AdvFeatureConfig
 .text.UART_CheckIdleState
                0x00000000080095c4       0x92 ./Drivers/STM32L4xx_HAL_Driver/Src/stm32l4xx_hal_uart.o
                0x00000000080095c4                UART_CheckIdleState
 .text.UART_WaitOnFlagUntilTimeout
                0x0000000008009656      0x188 ./Drivers/STM32L4xx_HAL_Driver/Src/stm32l4xx_hal_uart.o
                0x0000000008009656                UART_WaitOnFlagUntilTimeout
 *fill*         0x00000000080097de        0x2 
 .text.__libc_init_array
                0x00000000080097e0       0x48 c:/st/stm32cubeide_1.6.1/stm32cubeide/plugins/com.st.stm32cube.ide.mcu.externaltools.gnu-tools-for-stm32.10.3-2021.10.win32_1.0.0.202111181127/tools/bin/../lib/gcc/arm-none-eabi/10.3.1/../../../../arm-none-eabi/lib/thumb/v7e-m+fp/hard\libc_nano.a(lib_a-init.o)
                0x00000000080097e0                __libc_init_array
 .text.memcpy   0x0000000008009828       0x1c c:/st/stm32cubeide_1.6.1/stm32cubeide/plugins/com.st.stm32cube.ide.mcu.externaltools.gnu-tools-for-stm32.10.3-2021.10.win32_1.0.0.202111181127/tools/bin/../lib/gcc/arm-none-eabi/10.3.1/../../../../arm-none-eabi/lib/thumb/v7e-m+fp/hard\libc_nano.a(lib_a-memcpy-stub.o)
                0x0000000008009828                memcpy
 .text.memset   0x0000000008009844       0x10 c:/st/stm32cubeide_1.6.1/stm32cubeide/plugins/com.st.stm32cube.ide.mcu.externaltools.gnu-tools-for-stm32.10.3-2021.10.win32_1.0.0.202111181127/tools/bin/../lib/gcc/arm-none-eabi/10.3.1/../../../../arm-none-eabi/lib/thumb/v7e-m+fp/hard\libc_nano.a(lib_a-memset.o)
                0x0000000008009844                memset
 *fill*         0x0000000008009854        0x4 
 .text.floor    0x0000000008009858      0x100 c:/st/stm32cubeide_1.6.1/stm32cubeide/plugins/com.st.stm32cube.ide.mcu.externaltools.gnu-tools-for-stm32.10.3-2021.10.win32_1.0.0.202111181127/tools/bin/../lib/gcc/arm-none-eabi/10.3.1/../../../../arm-none-eabi/lib/thumb/v7e-m+fp/hard\libm.a(lib_a-s_floor.o)
                0x0000000008009858                floor
 *(.glue_7)
 .glue_7        0x0000000008009958        0x0 linker stubs
 *(.glue_7t)
 .glue_7t       0x0000000008009958        0x0 linker stubs
 *(.eh_frame)
 .eh_frame      0x0000000008009958        0x0 c:/st/stm32cubeide_1.6.1/stm32cubeide/plugins/com.st.stm32cube.ide.mcu.externaltools.gnu-tools-for-stm32.10.3-2021.10.win32_1.0.0.202111181127/tools/bin/../lib/gcc/arm-none-eabi/10.3.1/thumb/v7e-m+fp/hard/crtbegin.o
 *(.init)
 .init          0x0000000008009958        0x4 c:/st/stm32cubeide_1.6.1/stm32cubeide/plugins/com.st.stm32cube.ide.mcu.externaltools.gnu-tools-for-stm32.10.3-2021.10.win32_1.0.0.202111181127/tools/bin/../lib/gcc/arm-none-eabi/10.3.1/thumb/v7e-m+fp/hard/crti.o
                0x0000000008009958                _init
 .init          0x000000000800995c        0x8 c:/st/stm32cubeide_1.6.1/stm32cubeide/plugins/com.st.stm32cube.ide.mcu.externaltools.gnu-tools-for-stm32.10.3-2021.10.win32_1.0.0.202111181127/tools/bin/../lib/gcc/arm-none-eabi/10.3.1/thumb/v7e-m+fp/hard/crtn.o
 *(.fini)
 .fini          0x0000000008009964        0x4 c:/st/stm32cubeide_1.6.1/stm32cubeide/plugins/com.st.stm32cube.ide.mcu.externaltools.gnu-tools-for-stm32.10.3-2021.10.win32_1.0.0.202111181127/tools/bin/../lib/gcc/arm-none-eabi/10.3.1/thumb/v7e-m+fp/hard/crti.o
                0x0000000008009964                _fini
 .fini          0x0000000008009968        0x8 c:/st/stm32cubeide_1.6.1/stm32cubeide/plugins/com.st.stm32cube.ide.mcu.externaltools.gnu-tools-for-stm32.10.3-2021.10.win32_1.0.0.202111181127/tools/bin/../lib/gcc/arm-none-eabi/10.3.1/thumb/v7e-m+fp/hard/crtn.o
                0x0000000008009970                . = ALIGN (0x4)
                0x0000000008009970                _etext = .

.vfp11_veneer   0x0000000008009970        0x0
 .vfp11_veneer  0x0000000008009970        0x0 linker stubs

.v4_bx          0x0000000008009970        0x0
 .v4_bx         0x0000000008009970        0x0 linker stubs

.iplt           0x0000000008009970        0x0
 .iplt          0x0000000008009970        0x0 c:/st/stm32cubeide_1.6.1/stm32cubeide/plugins/com.st.stm32cube.ide.mcu.externaltools.gnu-tools-for-stm32.10.3-2021.10.win32_1.0.0.202111181127/tools/bin/../lib/gcc/arm-none-eabi/10.3.1/thumb/v7e-m+fp/hard/crtbegin.o

.rodata         0x0000000008009970    0x131ac
                0x0000000008009970                . = ALIGN (0x4)
 *(.rodata)
 .rodata        0x0000000008009970        0x5 ./Core/Src/FreeRtos/tasks.o
 *fill*         0x0000000008009975        0x3 
 .rodata        0x0000000008009978        0xd ./Core/Src/FreeRtos/timers.o
 *fill*         0x0000000008009985        0x3 
 .rodata        0x0000000008009988       0x2c ./Core/Src/main.o
 *(.rodata*)
 .rodata.FreeMono12pt7bBitmaps
                0x00000000080099b4      0x5b4 ./Core/Src/main.o
                0x00000000080099b4                FreeMono12pt7bBitmaps
 .rodata.FreeMono12pt7bGlyphs
                0x0000000008009f68      0x2f8 ./Core/Src/main.o
                0x0000000008009f68                FreeMono12pt7bGlyphs
 .rodata.FreeMono12pt7b
                0x000000000800a260       0x10 ./Core/Src/main.o
                0x000000000800a260                FreeMono12pt7b
 .rodata.FreeSansOblique9pt7bBitmaps
                0x000000000800a270      0x559 ./Core/Src/main.o
                0x000000000800a270                FreeSansOblique9pt7bBitmaps
 *fill*         0x000000000800a7c9        0x3 
 .rodata.FreeSansOblique9pt7bGlyphs
                0x000000000800a7cc      0x2f8 ./Core/Src/main.o
                0x000000000800a7cc                FreeSansOblique9pt7bGlyphs
 .rodata.FreeSansOblique9pt7b
                0x000000000800aac4       0x10 ./Core/Src/main.o
                0x000000000800aac4                FreeSansOblique9pt7b
 .rodata.creeper
                0x000000000800aad4    0x10000 ./Core/Src/main.o
                0x000000000800aad4                creeper
 .rodata.krecik
                0x000000000801aad4     0x1000 ./Core/Src/main.o
                0x000000000801aad4                krecik
 .rodata.pat_i_mat
                0x000000000801bad4     0x1000 ./Core/Src/main.o
                0x000000000801bad4                pat_i_mat
 .rodata.AHBPrescTable
                0x000000000801cad4       0x10 ./Core/Src/system_stm32l4xx.o
                0x000000000801cad4                AHBPrescTable
 .rodata.APBPrescTable
                0x000000000801cae4        0x8 ./Core/Src/system_stm32l4xx.o
                0x000000000801cae4                APBPrescTable
 .rodata.MSIRangeTable
                0x000000000801caec       0x30 ./Core/Src/system_stm32l4xx.o
                0x000000000801caec                MSIRangeTable
                0x000000000801cb1c                . = ALIGN (0x4)

.ARM.extab      0x000000000801cb1c        0x0
                0x000000000801cb1c                . = ALIGN (0x4)
 *(.ARM.extab* .gnu.linkonce.armextab.*)
                0x000000000801cb1c                . = ALIGN (0x4)

.ARM            0x000000000801cb1c        0x8
                0x000000000801cb1c                . = ALIGN (0x4)
                0x000000000801cb1c                __exidx_start = .
 *(.ARM.exidx*)
 .ARM.exidx     0x000000000801cb1c        0x8 c:/st/stm32cubeide_1.6.1/stm32cubeide/plugins/com.st.stm32cube.ide.mcu.externaltools.gnu-tools-for-stm32.10.3-2021.10.win32_1.0.0.202111181127/tools/bin/../lib/gcc/arm-none-eabi/10.3.1/thumb/v7e-m+fp/hard\libgcc.a(_udivmoddi4.o)
                0x000000000801cb24                __exidx_end = .
                0x000000000801cb24                . = ALIGN (0x4)

.rel.dyn        0x000000000801cb24        0x0
 .rel.iplt      0x000000000801cb24        0x0 c:/st/stm32cubeide_1.6.1/stm32cubeide/plugins/com.st.stm32cube.ide.mcu.externaltools.gnu-tools-for-stm32.10.3-2021.10.win32_1.0.0.202111181127/tools/bin/../lib/gcc/arm-none-eabi/10.3.1/thumb/v7e-m+fp/hard/crtbegin.o

.preinit_array  0x000000000801cb24        0x0
                0x000000000801cb24                . = ALIGN (0x4)
                0x000000000801cb24                PROVIDE (__preinit_array_start = .)
 *(.preinit_array*)
                0x000000000801cb24                PROVIDE (__preinit_array_end = .)
                0x000000000801cb24                . = ALIGN (0x4)

.init_array     0x000000000801cb24        0x4
                0x000000000801cb24                . = ALIGN (0x4)
                0x000000000801cb24                PROVIDE (__init_array_start = .)
 *(SORT_BY_NAME(.init_array.*))
 *(.init_array*)
 .init_array    0x000000000801cb24        0x4 c:/st/stm32cubeide_1.6.1/stm32cubeide/plugins/com.st.stm32cube.ide.mcu.externaltools.gnu-tools-for-stm32.10.3-2021.10.win32_1.0.0.202111181127/tools/bin/../lib/gcc/arm-none-eabi/10.3.1/thumb/v7e-m+fp/hard/crtbegin.o
                0x000000000801cb28                PROVIDE (__init_array_end = .)
                0x000000000801cb28                . = ALIGN (0x4)

.fini_array     0x000000000801cb28        0x4
                0x000000000801cb28                . = ALIGN (0x4)
                [!provide]                        PROVIDE (__fini_array_start = .)
 *(SORT_BY_NAME(.fini_array.*))
 *(.fini_array*)
 .fini_array    0x000000000801cb28        0x4 c:/st/stm32cubeide_1.6.1/stm32cubeide/plugins/com.st.stm32cube.ide.mcu.externaltools.gnu-tools-for-stm32.10.3-2021.10.win32_1.0.0.202111181127/tools/bin/../lib/gcc/arm-none-eabi/10.3.1/thumb/v7e-m+fp/hard/crtbegin.o
                [!provide]                        PROVIDE (__fini_array_end = .)
                0x000000000801cb2c                . = ALIGN (0x4)
                0x000000000801cb2c                _sidata = LOADADDR (.data)

.data           0x0000000020000000     0x201c load address 0x000000000801cb2c
                0x0000000020000000                . = ALIGN (0x4)
                0x0000000020000000                _sdata = .
 *(.data)
 *(.data*)
 .data.uxTopUsedPriority
                0x0000000020000000        0x4 ./Core/Src/FreeRtos/tasks.o
                0x0000000020000000                uxTopUsedPriority
 .data.uxCriticalNesting
                0x0000000020000004        0x4 ./Core/Src/FreeRtos/portable/GCC/ARM_CM4F/port.o
 .data._buffer_height
                0x0000000020000008        0x2 ./Core/Src/SSD1322_OLED_lib/SSD1322_GFX.o
                0x0000000020000008                _buffer_height
 .data._buffer_width
                0x000000002000000a        0x2 ./Core/Src/SSD1322_OLED_lib/SSD1322_GFX.o
                0x000000002000000a                _buffer_width
 .data.stars_4bpp
                0x000000002000000c     0x2000 ./Core/Src/main.o
                0x000000002000000c                stars_4bpp
 .data.OLED_SPI_TX_completed_flag
                0x000000002000200c        0x1 ./Core/Src/main.o
                0x000000002000200c                OLED_SPI_TX_completed_flag
 *fill*         0x000000002000200d        0x3 
 .data.SystemCoreClock
                0x0000000020002010        0x4 ./Core/Src/system_stm32l4xx.o
                0x0000000020002010                SystemCoreClock
 .data.uwTickPrio
                0x0000000020002014        0x4 ./Drivers/STM32L4xx_HAL_Driver/Src/stm32l4xx_hal.o
                0x0000000020002014                uwTickPrio
 .data.uwTickFreq
                0x0000000020002018        0x1 ./Drivers/STM32L4xx_HAL_Driver/Src/stm32l4xx_hal.o
                0x0000000020002018                uwTickFreq
 *(.RamFunc)
 *(.RamFunc*)
                0x000000002000201c                . = ALIGN (0x4)
 *fill*         0x0000000020002019        0x3 
                0x000000002000201c                _edata = .

.igot.plt       0x000000002000201c        0x0 load address 0x000000000801eb48
 .igot.plt      0x000000002000201c        0x0 c:/st/stm32cubeide_1.6.1/stm32cubeide/plugins/com.st.stm32cube.ide.mcu.externaltools.gnu-tools-for-stm32.10.3-2021.10.win32_1.0.0.202111181127/tools/bin/../lib/gcc/arm-none-eabi/10.3.1/thumb/v7e-m+fp/hard/crtbegin.o
                0x000000002000201c                . = ALIGN (0x4)

.bss            0x000000002000201c    0x124ac load address 0x000000000801eb48
                0x000000002000201c                _sbss = .
                0x000000002000201c                __bss_start__ = _sbss
 *(.bss)
 .bss           0x000000002000201c       0x1c c:/st/stm32cubeide_1.6.1/stm32cubeide/plugins/com.st.stm32cube.ide.mcu.externaltools.gnu-tools-for-stm32.10.3-2021.10.win32_1.0.0.202111181127/tools/bin/../lib/gcc/arm-none-eabi/10.3.1/thumb/v7e-m+fp/hard/crtbegin.o
 *(.bss*)
 .bss.xTimerTaskTCB.3
                0x0000000020002038       0x54 ./Core/Src/FreeRtos/freertos.o
 .bss.uxTimerTaskStack.2
                0x000000002000208c      0x400 ./Core/Src/FreeRtos/freertos.o
 .bss.xIdleTaskTCB.1
                0x000000002000248c       0x54 ./Core/Src/FreeRtos/freertos.o
 .bss.uxIdleTaskStack.0
                0x00000000200024e0      0x400 ./Core/Src/FreeRtos/freertos.o
 .bss.xQueueRegistry
                0x00000000200028e0       0x40 ./Core/Src/FreeRtos/queue.o
                0x00000000200028e0                xQueueRegistry
 .bss.pxCurrentTCB
                0x0000000020002920        0x4 ./Core/Src/FreeRtos/tasks.o
                0x0000000020002920                pxCurrentTCB
 .bss.pxReadyTasksLists
                0x0000000020002924       0x8c ./Core/Src/FreeRtos/tasks.o
 .bss.xDelayedTaskList1
                0x00000000200029b0       0x14 ./Core/Src/FreeRtos/tasks.o
 .bss.xDelayedTaskList2
                0x00000000200029c4       0x14 ./Core/Src/FreeRtos/tasks.o
 .bss.pxDelayedTaskList
                0x00000000200029d8        0x4 ./Core/Src/FreeRtos/tasks.o
 .bss.pxOverflowDelayedTaskList
                0x00000000200029dc        0x4 ./Core/Src/FreeRtos/tasks.o
 .bss.xPendingReadyList
                0x00000000200029e0       0x14 ./Core/Src/FreeRtos/tasks.o
 .bss.xTasksWaitingTermination
                0x00000000200029f4       0x14 ./Core/Src/FreeRtos/tasks.o
 .bss.uxDeletedTasksWaitingCleanUp
                0x0000000020002a08        0x4 ./Core/Src/FreeRtos/tasks.o
 .bss.xSuspendedTaskList
                0x0000000020002a0c       0x14 ./Core/Src/FreeRtos/tasks.o
 .bss.uxCurrentNumberOfTasks
                0x0000000020002a20        0x4 ./Core/Src/FreeRtos/tasks.o
 .bss.xTickCount
                0x0000000020002a24        0x4 ./Core/Src/FreeRtos/tasks.o
 .bss.uxTopReadyPriority
                0x0000000020002a28        0x4 ./Core/Src/FreeRtos/tasks.o
 .bss.xSchedulerRunning
                0x0000000020002a2c        0x4 ./Core/Src/FreeRtos/tasks.o
 .bss.xPendedTicks
                0x0000000020002a30        0x4 ./Core/Src/FreeRtos/tasks.o
 .bss.xYieldPending
                0x0000000020002a34        0x4 ./Core/Src/FreeRtos/tasks.o
 .bss.xNumOfOverflows
                0x0000000020002a38        0x4 ./Core/Src/FreeRtos/tasks.o
 .bss.uxTaskNumber
                0x0000000020002a3c        0x4 ./Core/Src/FreeRtos/tasks.o
 .bss.xNextTaskUnblockTime
                0x0000000020002a40        0x4 ./Core/Src/FreeRtos/tasks.o
 .bss.xIdleTaskHandle
                0x0000000020002a44        0x4 ./Core/Src/FreeRtos/tasks.o
 .bss.uxSchedulerSuspended
                0x0000000020002a48        0x4 ./Core/Src/FreeRtos/tasks.o
 .bss.xActiveTimerList1
                0x0000000020002a4c       0x14 ./Core/Src/FreeRtos/timers.o
 .bss.xActiveTimerList2
                0x0000000020002a60       0x14 ./Core/Src/FreeRtos/timers.o
 .bss.pxCurrentTimerList
                0x0000000020002a74        0x4 ./Core/Src/FreeRtos/timers.o
 .bss.pxOverflowTimerList
                0x0000000020002a78        0x4 ./Core/Src/FreeRtos/timers.o
 .bss.xTimerQueue
                0x0000000020002a7c        0x4 ./Core/Src/FreeRtos/timers.o
 .bss.xTimerTaskHandle
                0x0000000020002a80        0x4 ./Core/Src/FreeRtos/timers.o
 .bss.xLastTime.2
                0x0000000020002a84        0x4 ./Core/Src/FreeRtos/timers.o
 .bss.ucStaticTimerQueueStorage.1
                0x0000000020002a88       0x78 ./Core/Src/FreeRtos/timers.o
 .bss.xStaticTimerQueue.0
                0x0000000020002b00       0x48 ./Core/Src/FreeRtos/timers.o
 .bss.ucMaxSysCallPriority
                0x0000000020002b48        0x1 ./Core/Src/FreeRtos/portable/GCC/ARM_CM4F/port.o
 *fill*         0x0000000020002b49        0x3 
 .bss.ulMaxPRIGROUPValue
                0x0000000020002b4c        0x4 ./Core/Src/FreeRtos/portable/GCC/ARM_CM4F/port.o
 .bss.ucHeap    0x0000000020002b50     0x7800 ./Core/Src/FreeRtos/portable/MemMang/heap_4.o
 .bss.xStart    0x000000002000a350        0x8 ./Core/Src/FreeRtos/portable/MemMang/heap_4.o
 .bss.pxEnd     0x000000002000a358        0x4 ./Core/Src/FreeRtos/portable/MemMang/heap_4.o
 .bss.xFreeBytesRemaining
                0x000000002000a35c        0x4 ./Core/Src/FreeRtos/portable/MemMang/heap_4.o
 .bss.xMinimumEverFreeBytesRemaining
                0x000000002000a360        0x4 ./Core/Src/FreeRtos/portable/MemMang/heap_4.o
 .bss.xNumberOfSuccessfulAllocations
                0x000000002000a364        0x4 ./Core/Src/FreeRtos/portable/MemMang/heap_4.o
 .bss.xNumberOfSuccessfulFrees
                0x000000002000a368        0x4 ./Core/Src/FreeRtos/portable/MemMang/heap_4.o
 .bss.xBlockAllocatedBit
                0x000000002000a36c        0x4 ./Core/Src/FreeRtos/portable/MemMang/heap_4.o
 .bss.oled_queue
                0x000000002000a370        0x4 ./Core/Src/SSD1322_OLED_lib/SSD1322_API.o
                0x000000002000a370                oled_queue
 .bss.oled_task
                0x000000002000a374        0x4 ./Core/Src/SSD1322_OLED_lib/SSD1322_API.o
                0x000000002000a374                oled_task
 .bss.initialized_flag
                0x000000002000a378        0x1 ./Core/Src/SSD1322_OLED_lib/SSD1322_API.o
                0x000000002000a378                initialized_flag
 *fill*         0x000000002000a379        0x3 
 .bss.val.1     0x000000002000a37c        0xc ./Core/Src/SSD1322_OLED_lib/SSD1322_API.o
 .bss.byte_val.0
                0x000000002000a388        0x1 ./Core/Src/SSD1322_OLED_lib/SSD1322_API.o
 *fill*         0x000000002000a389        0x3 
 .bss.gfx_font  0x000000002000a38c        0x4 ./Core/Src/SSD1322_OLED_lib/SSD1322_GFX.o
                0x000000002000a38c                gfx_font
 .bss.hspi2     0x000000002000a390       0x64 ./Core/Src/main.o
                0x000000002000a390                hspi2
 .bss.huart2    0x000000002000a3f4       0x84 ./Core/Src/main.o
                0x000000002000a3f4                huart2
 .bss.tx_buf    0x000000002000a478     0x2000 ./Core/Src/main.o
                0x000000002000a478                tx_buf
 .bss.tx_buf2   0x000000002000c478     0x8000 ./Core/Src/main.o
                0x000000002000c478                tx_buf2
 .bss.htim16    0x0000000020014478       0x4c ./Core/Src/stm32l4xx_hal_timebase_tim.o
                0x0000000020014478                htim16
 .bss.uwTick    0x00000000200144c4        0x4 ./Drivers/STM32L4xx_HAL_Driver/Src/stm32l4xx_hal.o
                0x00000000200144c4                uwTick
 *(COMMON)
                0x00000000200144c8                . = ALIGN (0x4)
                0x00000000200144c8                _ebss = .
                0x00000000200144c8                __bss_end__ = _ebss

._user_heap_stack
                0x00000000200144c8      0x600 load address 0x000000000801eb48
                0x00000000200144c8                . = ALIGN (0x8)
                [!provide]                        PROVIDE (end = .)
                0x00000000200144c8                PROVIDE (_end = .)
                0x00000000200146c8                . = (. + _Min_Heap_Size)
 *fill*         0x00000000200144c8      0x200 
                0x0000000020014ac8                . = (. + _Min_Stack_Size)
 *fill*         0x00000000200146c8      0x400 
                0x0000000020014ac8                . = ALIGN (0x8)

/DISCARD/
 libc.a(*)
 libm.a(*)
 libgcc.a(*)

.ARM.attributes
                0x0000000000000000       0x30
 *(.ARM.attributes)
 .ARM.attributes
                0x0000000000000000       0x1e c:/st/stm32cubeide_1.6.1/stm32cubeide/plugins/com.st.stm32cube.ide.mcu.externaltools.gnu-tools-for-stm32.10.3-2021.10.win32_1.0.0.202111181127/tools/bin/../lib/gcc/arm-none-eabi/10.3.1/thumb/v7e-m+fp/hard/crti.o
 .ARM.attributes
                0x000000000000001e       0x34 c:/st/stm32cubeide_1.6.1/stm32cubeide/plugins/com.st.stm32cube.ide.mcu.externaltools.gnu-tools-for-stm32.10.3-2021.10.win32_1.0.0.202111181127/tools/bin/../lib/gcc/arm-none-eabi/10.3.1/thumb/v7e-m+fp/hard/crtbegin.o
 .ARM.attributes
                0x0000000000000052       0x34 ./Core/Src/FreeRtos/freertos.o
 .ARM.attributes
                0x0000000000000086       0x34 ./Core/Src/FreeRtos/list.o
 .ARM.attributes
                0x00000000000000ba       0x34 ./Core/Src/FreeRtos/queue.o
 .ARM.attributes
                0x00000000000000ee       0x34 ./Core/Src/FreeRtos/tasks.o
 .ARM.attributes
                0x0000000000000122       0x34 ./Core/Src/FreeRtos/timers.o
 .ARM.attributes
                0x0000000000000156       0x34 ./Core/Src/FreeRtos/portable/GCC/ARM_CM4F/port.o
 .ARM.attributes
                0x000000000000018a       0x34 ./Core/Src/FreeRtos/portable/MemMang/heap_4.o
 .ARM.attributes
                0x00000000000001be       0x34 ./Core/Src/SSD1322_OLED_lib/SSD1322_API.o
 .ARM.attributes
                0x00000000000001f2       0x34 ./Core/Src/SSD1322_OLED_lib/SSD1322_GFX.o
 .ARM.attributes
                0x0000000000000226       0x34 ./Core/Src/SSD1322_OLED_lib/SSD1322_HW_Driver.o
 .ARM.attributes
                0x000000000000025a       0x34 ./Core/Src/main.o
 .ARM.attributes
                0x000000000000028e       0x34 ./Core/Src/stm32l4xx_hal_msp.o
 .ARM.attributes
                0x00000000000002c2       0x34 ./Core/Src/stm32l4xx_hal_timebase_tim.o
 .ARM.attributes
                0x00000000000002f6       0x34 ./Core/Src/stm32l4xx_it.o
 .ARM.attributes
                0x000000000000032a       0x34 ./Core/Src/system_stm32l4xx.o
 .ARM.attributes
                0x000000000000035e       0x21 ./Core/Startup/startup_stm32l476rgtx.o
 .ARM.attributes
                0x000000000000037f       0x34 ./Drivers/STM32L4xx_HAL_Driver/Src/stm32l4xx_hal.o
 .ARM.attributes
                0x00000000000003b3       0x34 ./Drivers/STM32L4xx_HAL_Driver/Src/stm32l4xx_hal_cortex.o
 .ARM.attributes
                0x00000000000003e7       0x34 ./Drivers/STM32L4xx_HAL_Driver/Src/stm32l4xx_hal_dma.o
 .ARM.attributes
                0x000000000000041b       0x34 ./Drivers/STM32L4xx_HAL_Driver/Src/stm32l4xx_hal_gpio.o
 .ARM.attributes
                0x000000000000044f       0x34 ./Drivers/STM32L4xx_HAL_Driver/Src/stm32l4xx_hal_pwr_ex.o
 .ARM.attributes
                0x0000000000000483       0x34 ./Drivers/STM32L4xx_HAL_Driver/Src/stm32l4xx_hal_rcc.o
 .ARM.attributes
                0x00000000000004b7       0x34 ./Drivers/STM32L4xx_HAL_Driver/Src/stm32l4xx_hal_rcc_ex.o
 .ARM.attributes
                0x00000000000004eb       0x34 ./Drivers/STM32L4xx_HAL_Driver/Src/stm32l4xx_hal_spi.o
 .ARM.attributes
                0x000000000000051f       0x34 ./Drivers/STM32L4xx_HAL_Driver/Src/stm32l4xx_hal_tim.o
 .ARM.attributes
                0x0000000000000553       0x34 ./Drivers/STM32L4xx_HAL_Driver/Src/stm32l4xx_hal_tim_ex.o
 .ARM.attributes
                0x0000000000000587       0x34 ./Drivers/STM32L4xx_HAL_Driver/Src/stm32l4xx_hal_uart.o
 .ARM.attributes
                0x00000000000005bb       0x34 c:/st/stm32cubeide_1.6.1/stm32cubeide/plugins/com.st.stm32cube.ide.mcu.externaltools.gnu-tools-for-stm32.10.3-2021.10.win32_1.0.0.202111181127/tools/bin/../lib/gcc/arm-none-eabi/10.3.1/../../../../arm-none-eabi/lib/thumb/v7e-m+fp/hard\libc_nano.a(lib_a-init.o)
 .ARM.attributes
                0x00000000000005ef       0x34 c:/st/stm32cubeide_1.6.1/stm32cubeide/plugins/com.st.stm32cube.ide.mcu.externaltools.gnu-tools-for-stm32.10.3-2021.10.win32_1.0.0.202111181127/tools/bin/../lib/gcc/arm-none-eabi/10.3.1/../../../../arm-none-eabi/lib/thumb/v7e-m+fp/hard\libc_nano.a(lib_a-memcpy-stub.o)
 .ARM.attributes
                0x0000000000000623       0x34 c:/st/stm32cubeide_1.6.1/stm32cubeide/plugins/com.st.stm32cube.ide.mcu.externaltools.gnu-tools-for-stm32.10.3-2021.10.win32_1.0.0.202111181127/tools/bin/../lib/gcc/arm-none-eabi/10.3.1/../../../../arm-none-eabi/lib/thumb/v7e-m+fp/hard\libc_nano.a(lib_a-memset.o)
 .ARM.attributes
                0x0000000000000657       0x34 c:/st/stm32cubeide_1.6.1/stm32cubeide/plugins/com.st.stm32cube.ide.mcu.externaltools.gnu-tools-for-stm32.10.3-2021.10.win32_1.0.0.202111181127/tools/bin/../lib/gcc/arm-none-eabi/10.3.1/../../../../arm-none-eabi/lib/thumb/v7e-m+fp/hard\libm.a(lib_a-s_floor.o)
 .ARM.attributes
                0x000000000000068b       0x1e c:/st/stm32cubeide_1.6.1/stm32cubeide/plugins/com.st.stm32cube.ide.mcu.externaltools.gnu-tools-for-stm32.10.3-2021.10.win32_1.0.0.202111181127/tools/bin/../lib/gcc/arm-none-eabi/10.3.1/thumb/v7e-m+fp/hard\libgcc.a(_arm_muldf3.o)
 .ARM.attributes
                0x00000000000006a9       0x1e c:/st/stm32cubeide_1.6.1/stm32cubeide/plugins/com.st.stm32cube.ide.mcu.externaltools.gnu-tools-for-stm32.10.3-2021.10.win32_1.0.0.202111181127/tools/bin/../lib/gcc/arm-none-eabi/10.3.1/thumb/v7e-m+fp/hard\libgcc.a(_arm_addsubdf3.o)
 .ARM.attributes
                0x00000000000006c7       0x1e c:/st/stm32cubeide_1.6.1/stm32cubeide/plugins/com.st.stm32cube.ide.mcu.externaltools.gnu-tools-for-stm32.10.3-2021.10.win32_1.0.0.202111181127/tools/bin/../lib/gcc/arm-none-eabi/10.3.1/thumb/v7e-m+fp/hard\libgcc.a(_arm_cmpdf2.o)
 .ARM.attributes
                0x00000000000006e5       0x1e c:/st/stm32cubeide_1.6.1/stm32cubeide/plugins/com.st.stm32cube.ide.mcu.externaltools.gnu-tools-for-stm32.10.3-2021.10.win32_1.0.0.202111181127/tools/bin/../lib/gcc/arm-none-eabi/10.3.1/thumb/v7e-m+fp/hard\libgcc.a(_arm_fixunsdfsi.o)
 .ARM.attributes
                0x0000000000000703       0x1e c:/st/stm32cubeide_1.6.1/stm32cubeide/plugins/com.st.stm32cube.ide.mcu.externaltools.gnu-tools-for-stm32.10.3-2021.10.win32_1.0.0.202111181127/tools/bin/../lib/gcc/arm-none-eabi/10.3.1/thumb/v7e-m+fp/hard\libgcc.a(_arm_truncdfsf2.o)
 .ARM.attributes
                0x0000000000000721       0x1e c:/st/stm32cubeide_1.6.1/stm32cubeide/plugins/com.st.stm32cube.ide.mcu.externaltools.gnu-tools-for-stm32.10.3-2021.10.win32_1.0.0.202111181127/tools/bin/../lib/gcc/arm-none-eabi/10.3.1/thumb/v7e-m+fp/hard\libgcc.a(_aeabi_uldivmod.o)
 .ARM.attributes
                0x000000000000073f       0x34 c:/st/stm32cubeide_1.6.1/stm32cubeide/plugins/com.st.stm32cube.ide.mcu.externaltools.gnu-tools-for-stm32.10.3-2021.10.win32_1.0.0.202111181127/tools/bin/../lib/gcc/arm-none-eabi/10.3.1/thumb/v7e-m+fp/hard\libgcc.a(_udivmoddi4.o)
 .ARM.attributes
                0x0000000000000773       0x1e c:/st/stm32cubeide_1.6.1/stm32cubeide/plugins/com.st.stm32cube.ide.mcu.externaltools.gnu-tools-for-stm32.10.3-2021.10.win32_1.0.0.202111181127/tools/bin/../lib/gcc/arm-none-eabi/10.3.1/thumb/v7e-m+fp/hard\libgcc.a(_dvmd_tls.o)
 .ARM.attributes
                0x0000000000000791       0x1e c:/st/stm32cubeide_1.6.1/stm32cubeide/plugins/com.st.stm32cube.ide.mcu.externaltools.gnu-tools-for-stm32.10.3-2021.10.win32_1.0.0.202111181127/tools/bin/../lib/gcc/arm-none-eabi/10.3.1/thumb/v7e-m+fp/hard/crtn.o
OUTPUT(nucleo_l476_alt_ssd1322.elf elf32-littlearm)
LOAD linker stubs
LOAD c:/st/stm32cubeide_1.6.1/stm32cubeide/plugins/com.st.stm32cube.ide.mcu.externaltools.gnu-tools-for-stm32.10.3-2021.10.win32_1.0.0.202111181127/tools/bin/../lib/gcc/arm-none-eabi/10.3.1/../../../../arm-none-eabi/lib/thumb/v7e-m+fp/hard\libc.a
LOAD c:/st/stm32cubeide_1.6.1/stm32cubeide/plugins/com.st.stm32cube.ide.mcu.externaltools.gnu-tools-for-stm32.10.3-2021.10.win32_1.0.0.202111181127/tools/bin/../lib/gcc/arm-none-eabi/10.3.1/../../../../arm-none-eabi/lib/thumb/v7e-m+fp/hard\libm.a
LOAD c:/st/stm32cubeide_1.6.1/stm32cubeide/plugins/com.st.stm32cube.ide.mcu.externaltools.gnu-tools-for-stm32.10.3-2021.10.win32_1.0.0.202111181127/tools/bin/../lib/gcc/arm-none-eabi/10.3.1/thumb/v7e-m+fp/hard\libgcc.a

.debug_info     0x0000000000000000    0x1b6b5
 .debug_info    0x0000000000000000      0x318 ./Core/Src/FreeRtos/freertos.o
 .debug_info    0x0000000000000318      0x2d1 ./Core/Src/FreeRtos/list.o
 .debug_info    0x00000000000005e9     0x19fe ./Core/Src/FreeRtos/queue.o
 .debug_info    0x0000000000001fe7     0x23ae ./Core/Src/FreeRtos/tasks.o
 .debug_info    0x0000000000004395     0x12c7 ./Core/Src/FreeRtos/timers.o
 .debug_info    0x000000000000565c      0x4fb ./Core/Src/FreeRtos/portable/GCC/ARM_CM4F/port.o
 .debug_info    0x0000000000005b57      0x50b ./Core/Src/FreeRtos/portable/MemMang/heap_4.o
 .debug_info    0x0000000000006062      0xccf ./Core/Src/SSD1322_OLED_lib/SSD1322_API.o
 .debug_info    0x0000000000006d31      0xc33 ./Core/Src/SSD1322_OLED_lib/SSD1322_GFX.o
 .debug_info    0x0000000000007964      0x937 ./Core/Src/SSD1322_OLED_lib/SSD1322_HW_Driver.o
 .debug_info    0x000000000000829b     0x1b47 ./Core/Src/main.o
 .debug_info    0x0000000000009de2     0x131a ./Core/Src/stm32l4xx_hal_msp.o
 .debug_info    0x000000000000b0fc      0xcb4 ./Core/Src/stm32l4xx_hal_timebase_tim.o
 .debug_info    0x000000000000bdb0      0xa2c ./Core/Src/stm32l4xx_it.o
 .debug_info    0x000000000000c7dc      0x5c6 ./Core/Src/system_stm32l4xx.o
 .debug_info    0x000000000000cda2       0x22 ./Core/Startup/startup_stm32l476rgtx.o
 .debug_info    0x000000000000cdc4      0xc57 ./Drivers/STM32L4xx_HAL_Driver/Src/stm32l4xx_hal.o
 .debug_info    0x000000000000da1b      0xe21 ./Drivers/STM32L4xx_HAL_Driver/Src/stm32l4xx_hal_cortex.o
 .debug_info    0x000000000000e83c      0x76a ./Drivers/STM32L4xx_HAL_Driver/Src/stm32l4xx_hal_dma.o
 .debug_info    0x000000000000efa6      0x821 ./Drivers/STM32L4xx_HAL_Driver/Src/stm32l4xx_hal_gpio.o
 .debug_info    0x000000000000f7c7      0x9f0 ./Drivers/STM32L4xx_HAL_Driver/Src/stm32l4xx_hal_pwr_ex.o
 .debug_info    0x00000000000101b7      0xced ./Drivers/STM32L4xx_HAL_Driver/Src/stm32l4xx_hal_rcc.o
 .debug_info    0x0000000000010ea4      0xe92 ./Drivers/STM32L4xx_HAL_Driver/Src/stm32l4xx_hal_rcc_ex.o
 .debug_info    0x0000000000011d36     0x1782 ./Drivers/STM32L4xx_HAL_Driver/Src/stm32l4xx_hal_spi.o
 .debug_info    0x00000000000134b8     0x2d04 ./Drivers/STM32L4xx_HAL_Driver/Src/stm32l4xx_hal_tim.o
 .debug_info    0x00000000000161bc     0x17eb ./Drivers/STM32L4xx_HAL_Driver/Src/stm32l4xx_hal_tim_ex.o
 .debug_info    0x00000000000179a7     0x3d0e ./Drivers/STM32L4xx_HAL_Driver/Src/stm32l4xx_hal_uart.o

.debug_abbrev   0x0000000000000000     0x3aa6
 .debug_abbrev  0x0000000000000000       0xe7 ./Core/Src/FreeRtos/freertos.o
 .debug_abbrev  0x00000000000000e7       0xf2 ./Core/Src/FreeRtos/list.o
 .debug_abbrev  0x00000000000001d9      0x372 ./Core/Src/FreeRtos/queue.o
 .debug_abbrev  0x000000000000054b      0x361 ./Core/Src/FreeRtos/tasks.o
 .debug_abbrev  0x00000000000008ac      0x317 ./Core/Src/FreeRtos/timers.o
 .debug_abbrev  0x0000000000000bc3      0x246 ./Core/Src/FreeRtos/portable/GCC/ARM_CM4F/port.o
 .debug_abbrev  0x0000000000000e09      0x212 ./Core/Src/FreeRtos/portable/MemMang/heap_4.o
 .debug_abbrev  0x000000000000101b      0x324 ./Core/Src/SSD1322_OLED_lib/SSD1322_API.o
 .debug_abbrev  0x000000000000133f      0x1d8 ./Core/Src/SSD1322_OLED_lib/SSD1322_GFX.o
 .debug_abbrev  0x0000000000001517      0x1e9 ./Core/Src/SSD1322_OLED_lib/SSD1322_HW_Driver.o
 .debug_abbrev  0x0000000000001700      0x350 ./Core/Src/main.o
 .debug_abbrev  0x0000000000001a50      0x1ce ./Core/Src/stm32l4xx_hal_msp.o
 .debug_abbrev  0x0000000000001c1e      0x1d3 ./Core/Src/stm32l4xx_hal_timebase_tim.o
 .debug_abbrev  0x0000000000001df1      0x182 ./Core/Src/stm32l4xx_it.o
 .debug_abbrev  0x0000000000001f73      0x116 ./Core/Src/system_stm32l4xx.o
 .debug_abbrev  0x0000000000002089       0x12 ./Core/Startup/startup_stm32l476rgtx.o
 .debug_abbrev  0x000000000000209b      0x23a ./Drivers/STM32L4xx_HAL_Driver/Src/stm32l4xx_hal.o
 .debug_abbrev  0x00000000000022d5      0x316 ./Drivers/STM32L4xx_HAL_Driver/Src/stm32l4xx_hal_cortex.o
 .debug_abbrev  0x00000000000025eb      0x1d7 ./Drivers/STM32L4xx_HAL_Driver/Src/stm32l4xx_hal_dma.o
 .debug_abbrev  0x00000000000027c2      0x1bb ./Drivers/STM32L4xx_HAL_Driver/Src/stm32l4xx_hal_gpio.o
 .debug_abbrev  0x000000000000297d      0x1f3 ./Drivers/STM32L4xx_HAL_Driver/Src/stm32l4xx_hal_pwr_ex.o
 .debug_abbrev  0x0000000000002b70      0x2bd ./Drivers/STM32L4xx_HAL_Driver/Src/stm32l4xx_hal_rcc.o
 .debug_abbrev  0x0000000000002e2d      0x299 ./Drivers/STM32L4xx_HAL_Driver/Src/stm32l4xx_hal_rcc_ex.o
 .debug_abbrev  0x00000000000030c6      0x254 ./Drivers/STM32L4xx_HAL_Driver/Src/stm32l4xx_hal_spi.o
 .debug_abbrev  0x000000000000331a      0x264 ./Drivers/STM32L4xx_HAL_Driver/Src/stm32l4xx_hal_tim.o
 .debug_abbrev  0x000000000000357e      0x26c ./Drivers/STM32L4xx_HAL_Driver/Src/stm32l4xx_hal_tim_ex.o
 .debug_abbrev  0x00000000000037ea      0x2bc ./Drivers/STM32L4xx_HAL_Driver/Src/stm32l4xx_hal_uart.o

.debug_aranges  0x0000000000000000     0x1710
 .debug_aranges
                0x0000000000000000       0x28 ./Core/Src/FreeRtos/freertos.o
 .debug_aranges
                0x0000000000000028       0x40 ./Core/Src/FreeRtos/list.o
 .debug_aranges
                0x0000000000000068      0x110 ./Core/Src/FreeRtos/queue.o
 .debug_aranges
                0x0000000000000178      0x1c0 ./Core/Src/FreeRtos/tasks.o
 .debug_aranges
                0x0000000000000338       0xd8 ./Core/Src/FreeRtos/timers.o
 .debug_aranges
                0x0000000000000410       0x80 ./Core/Src/FreeRtos/portable/GCC/ARM_CM4F/port.o
 .debug_aranges
                0x0000000000000490       0x58 ./Core/Src/FreeRtos/portable/MemMang/heap_4.o
 .debug_aranges
                0x00000000000004e8       0x88 ./Core/Src/SSD1322_OLED_lib/SSD1322_API.o
 .debug_aranges
                0x0000000000000570       0x98 ./Core/Src/SSD1322_OLED_lib/SSD1322_GFX.o
 .debug_aranges
                0x0000000000000608       0x68 ./Core/Src/SSD1322_OLED_lib/SSD1322_HW_Driver.o
 .debug_aranges
                0x0000000000000670       0x58 ./Core/Src/main.o
 .debug_aranges
                0x00000000000006c8       0x40 ./Core/Src/stm32l4xx_hal_msp.o
 .debug_aranges
                0x0000000000000708       0x30 ./Core/Src/stm32l4xx_hal_timebase_tim.o
 .debug_aranges
                0x0000000000000738       0x58 ./Core/Src/stm32l4xx_it.o
 .debug_aranges
                0x0000000000000790       0x28 ./Core/Src/system_stm32l4xx.o
 .debug_aranges
                0x00000000000007b8       0x28 ./Core/Startup/startup_stm32l476rgtx.o
 .debug_aranges
                0x00000000000007e0      0x130 ./Drivers/STM32L4xx_HAL_Driver/Src/stm32l4xx_hal.o
 .debug_aranges
                0x0000000000000910      0x118 ./Drivers/STM32L4xx_HAL_Driver/Src/stm32l4xx_hal_cortex.o
 .debug_aranges
                0x0000000000000a28       0x80 ./Drivers/STM32L4xx_HAL_Driver/Src/stm32l4xx_hal_dma.o
 .debug_aranges
                0x0000000000000aa8       0x58 ./Drivers/STM32L4xx_HAL_Driver/Src/stm32l4xx_hal_gpio.o
 .debug_aranges
                0x0000000000000b00      0x160 ./Drivers/STM32L4xx_HAL_Driver/Src/stm32l4xx_hal_pwr_ex.o
 .debug_aranges
                0x0000000000000c60       0x90 ./Drivers/STM32L4xx_HAL_Driver/Src/stm32l4xx_hal_rcc.o
 .debug_aranges
                0x0000000000000cf0       0xc0 ./Drivers/STM32L4xx_HAL_Driver/Src/stm32l4xx_hal_rcc_ex.o
 .debug_aranges
                0x0000000000000db0      0x1d8 ./Drivers/STM32L4xx_HAL_Driver/Src/stm32l4xx_hal_spi.o
 .debug_aranges
                0x0000000000000f88      0x3e0 ./Drivers/STM32L4xx_HAL_Driver/Src/stm32l4xx_hal_tim.o
 .debug_aranges
                0x0000000000001368      0x180 ./Drivers/STM32L4xx_HAL_Driver/Src/stm32l4xx_hal_tim_ex.o
 .debug_aranges
                0x00000000000014e8      0x228 ./Drivers/STM32L4xx_HAL_Driver/Src/stm32l4xx_hal_uart.o

.debug_ranges   0x0000000000000000     0x15e0
 .debug_ranges  0x0000000000000000       0x18 ./Core/Src/FreeRtos/freertos.o
 .debug_ranges  0x0000000000000018       0x30 ./Core/Src/FreeRtos/list.o
 .debug_ranges  0x0000000000000048      0x100 ./Core/Src/FreeRtos/queue.o
 .debug_ranges  0x0000000000000148      0x1b0 ./Core/Src/FreeRtos/tasks.o
 .debug_ranges  0x00000000000002f8       0xc8 ./Core/Src/FreeRtos/timers.o
 .debug_ranges  0x00000000000003c0       0x70 ./Core/Src/FreeRtos/portable/GCC/ARM_CM4F/port.o
 .debug_ranges  0x0000000000000430       0x48 ./Core/Src/FreeRtos/portable/MemMang/heap_4.o
 .debug_ranges  0x0000000000000478       0xc0 ./Core/Src/SSD1322_OLED_lib/SSD1322_API.o
 .debug_ranges  0x0000000000000538       0x88 ./Core/Src/SSD1322_OLED_lib/SSD1322_GFX.o
 .debug_ranges  0x00000000000005c0       0x58 ./Core/Src/SSD1322_OLED_lib/SSD1322_HW_Driver.o
 .debug_ranges  0x0000000000000618       0x48 ./Core/Src/main.o
 .debug_ranges  0x0000000000000660       0x30 ./Core/Src/stm32l4xx_hal_msp.o
 .debug_ranges  0x0000000000000690       0x20 ./Core/Src/stm32l4xx_hal_timebase_tim.o
 .debug_ranges  0x00000000000006b0       0x48 ./Core/Src/stm32l4xx_it.o
 .debug_ranges  0x00000000000006f8       0x18 ./Core/Src/system_stm32l4xx.o
 .debug_ranges  0x0000000000000710       0x20 ./Core/Startup/startup_stm32l476rgtx.o
 .debug_ranges  0x0000000000000730      0x120 ./Drivers/STM32L4xx_HAL_Driver/Src/stm32l4xx_hal.o
 .debug_ranges  0x0000000000000850      0x108 ./Drivers/STM32L4xx_HAL_Driver/Src/stm32l4xx_hal_cortex.o
 .debug_ranges  0x0000000000000958       0x70 ./Drivers/STM32L4xx_HAL_Driver/Src/stm32l4xx_hal_dma.o
 .debug_ranges  0x00000000000009c8       0x48 ./Drivers/STM32L4xx_HAL_Driver/Src/stm32l4xx_hal_gpio.o
 .debug_ranges  0x0000000000000a10      0x150 ./Drivers/STM32L4xx_HAL_Driver/Src/stm32l4xx_hal_pwr_ex.o
 .debug_ranges  0x0000000000000b60       0x80 ./Drivers/STM32L4xx_HAL_Driver/Src/stm32l4xx_hal_rcc.o
 .debug_ranges  0x0000000000000be0       0xb0 ./Drivers/STM32L4xx_HAL_Driver/Src/stm32l4xx_hal_rcc_ex.o
 .debug_ranges  0x0000000000000c90      0x1c8 ./Drivers/STM32L4xx_HAL_Driver/Src/stm32l4xx_hal_spi.o
 .debug_ranges  0x0000000000000e58      0x3d0 ./Drivers/STM32L4xx_HAL_Driver/Src/stm32l4xx_hal_tim.o
 .debug_ranges  0x0000000000001228      0x170 ./Drivers/STM32L4xx_HAL_Driver/Src/stm32l4xx_hal_tim_ex.o
 .debug_ranges  0x0000000000001398      0x248 ./Drivers/STM32L4xx_HAL_Driver/Src/stm32l4xx_hal_uart.o

.debug_macro    0x0000000000000000    0x27bf6
 .debug_macro   0x0000000000000000      0x2ac ./Core/Src/FreeRtos/freertos.o
 .debug_macro   0x00000000000002ac      0x1b3 ./Core/Src/FreeRtos/freertos.o
 .debug_macro   0x000000000000045f       0x2e ./Core/Src/FreeRtos/freertos.o
 .debug_macro   0x000000000000048d       0x28 ./Core/Src/FreeRtos/freertos.o
 .debug_macro   0x00000000000004b5       0x1c ./Core/Src/FreeRtos/freertos.o
 .debug_macro   0x00000000000004d1       0x22 ./Core/Src/FreeRtos/freertos.o
 .debug_macro   0x00000000000004f3       0xfb ./Core/Src/FreeRtos/freertos.o
 .debug_macro   0x00000000000005ee     0x1011 ./Core/Src/FreeRtos/freertos.o
 .debug_macro   0x00000000000015ff      0x11f ./Core/Src/FreeRtos/freertos.o
 .debug_macro   0x000000000000171e    0x1a17a ./Core/Src/FreeRtos/freertos.o
 .debug_macro   0x000000000001b898       0x6d ./Core/Src/FreeRtos/freertos.o
 .debug_macro   0x000000000001b905     0x38e6 ./Core/Src/FreeRtos/freertos.o
 .debug_macro   0x000000000001f1eb       0x5c ./Core/Src/FreeRtos/freertos.o
 .debug_macro   0x000000000001f247     0x159e ./Core/Src/FreeRtos/freertos.o
 .debug_macro   0x00000000000207e5      0x5a5 ./Core/Src/FreeRtos/freertos.o
 .debug_macro   0x0000000000020d8a      0x1b9 ./Core/Src/FreeRtos/freertos.o
 .debug_macro   0x0000000000020f43      0x18b ./Core/Src/FreeRtos/freertos.o
 .debug_macro   0x00000000000210ce      0x26b ./Core/Src/FreeRtos/freertos.o
 .debug_macro   0x0000000000021339      0x23d ./Core/Src/FreeRtos/freertos.o
 .debug_macro   0x0000000000021576      0x241 ./Core/Src/FreeRtos/freertos.o
 .debug_macro   0x00000000000217b7      0x37c ./Core/Src/FreeRtos/freertos.o
 .debug_macro   0x0000000000021b33       0xd6 ./Core/Src/FreeRtos/freertos.o
 .debug_macro   0x0000000000021c09      0x22c ./Core/Src/FreeRtos/freertos.o
 .debug_macro   0x0000000000021e35       0x61 ./Core/Src/FreeRtos/freertos.o
 .debug_macro   0x0000000000021e96       0xa5 ./Core/Src/FreeRtos/freertos.o
 .debug_macro   0x0000000000021f3b      0x122 ./Core/Src/FreeRtos/freertos.o
 .debug_macro   0x000000000002205d      0x3ef ./Core/Src/FreeRtos/freertos.o
 .debug_macro   0x000000000002244c      0x2fe ./Core/Src/FreeRtos/freertos.o
 .debug_macro   0x000000000002274a      0xa91 ./Core/Src/FreeRtos/freertos.o
 .debug_macro   0x00000000000231db      0x1e6 ./Core/Src/FreeRtos/freertos.o
 .debug_macro   0x00000000000233c1      0x5ba ./Core/Src/FreeRtos/freertos.o
 .debug_macro   0x000000000002397b       0x44 ./Core/Src/FreeRtos/freertos.o
 .debug_macro   0x00000000000239bf      0x330 ./Core/Src/FreeRtos/freertos.o
 .debug_macro   0x0000000000023cef       0x8d ./Core/Src/FreeRtos/freertos.o
 .debug_macro   0x0000000000023d7c       0x85 ./Core/Src/FreeRtos/freertos.o
 .debug_macro   0x0000000000023e01       0x58 ./Core/Src/FreeRtos/freertos.o
 .debug_macro   0x0000000000023e59      0x198 ./Core/Src/FreeRtos/list.o
 .debug_macro   0x0000000000023ff1      0x221 ./Core/Src/FreeRtos/queue.o
 .debug_macro   0x0000000000024212       0x16 ./Core/Src/FreeRtos/queue.o
 .debug_macro   0x0000000000024228       0x35 ./Core/Src/FreeRtos/queue.o
 .debug_macro   0x000000000002425d       0x20 ./Core/Src/FreeRtos/queue.o
 .debug_macro   0x000000000002427d       0x87 ./Core/Src/FreeRtos/queue.o
 .debug_macro   0x0000000000024304      0x27e ./Core/Src/FreeRtos/tasks.o
 .debug_macro   0x0000000000024582       0x17 ./Core/Src/FreeRtos/tasks.o
 .debug_macro   0x0000000000024599      0x1e7 ./Core/Src/FreeRtos/timers.o
 .debug_macro   0x0000000000024780       0x97 ./Core/Src/FreeRtos/timers.o
 .debug_macro   0x0000000000024817      0x19b ./Core/Src/FreeRtos/portable/GCC/ARM_CM4F/port.o
 .debug_macro   0x00000000000249b2      0x1b3 ./Core/Src/FreeRtos/portable/MemMang/heap_4.o
 .debug_macro   0x0000000000024b65      0x2c4 ./Core/Src/SSD1322_OLED_lib/SSD1322_API.o
 .debug_macro   0x0000000000024e29      0x117 ./Core/Src/SSD1322_OLED_lib/SSD1322_API.o
 .debug_macro   0x0000000000024f40       0x2e ./Core/Src/SSD1322_OLED_lib/SSD1322_API.o
 .debug_macro   0x0000000000024f6e       0xd6 ./Core/Src/SSD1322_OLED_lib/SSD1322_API.o
 .debug_macro   0x0000000000025044      0x3b2 ./Core/Src/SSD1322_OLED_lib/SSD1322_GFX.o
 .debug_macro   0x00000000000253f6       0xd0 ./Core/Src/SSD1322_OLED_lib/SSD1322_GFX.o
 .debug_macro   0x00000000000254c6       0x16 ./Core/Src/SSD1322_OLED_lib/SSD1322_GFX.o
 .debug_macro   0x00000000000254dc      0x19b ./Core/Src/SSD1322_OLED_lib/SSD1322_GFX.o
 .debug_macro   0x0000000000025677      0x2b5 ./Core/Src/SSD1322_OLED_lib/SSD1322_HW_Driver.o
 .debug_macro   0x000000000002592c       0x34 ./Core/Src/SSD1322_OLED_lib/SSD1322_HW_Driver.o
 .debug_macro   0x0000000000025960      0x2f9 ./Core/Src/main.o
 .debug_macro   0x0000000000025c59      0x2ac ./Core/Src/stm32l4xx_hal_msp.o
 .debug_macro   0x0000000000025f05      0x1ee ./Core/Src/stm32l4xx_hal_timebase_tim.o
 .debug_macro   0x00000000000260f3      0x2b6 ./Core/Src/stm32l4xx_it.o
 .debug_macro   0x00000000000263a9      0x1ee ./Core/Src/system_stm32l4xx.o
 .debug_macro   0x0000000000026597      0x23c ./Drivers/STM32L4xx_HAL_Driver/Src/stm32l4xx_hal.o
 .debug_macro   0x00000000000267d3      0x1ee ./Drivers/STM32L4xx_HAL_Driver/Src/stm32l4xx_hal_cortex.o
 .debug_macro   0x00000000000269c1      0x1ee ./Drivers/STM32L4xx_HAL_Driver/Src/stm32l4xx_hal_dma.o
 .debug_macro   0x0000000000026baf      0x1f5 ./Drivers/STM32L4xx_HAL_Driver/Src/stm32l4xx_hal_gpio.o
 .debug_macro   0x0000000000026da4      0x212 ./Drivers/STM32L4xx_HAL_Driver/Src/stm32l4xx_hal_pwr_ex.o
 .debug_macro   0x0000000000026fb6      0x230 ./Drivers/STM32L4xx_HAL_Driver/Src/stm32l4xx_hal_rcc.o
 .debug_macro   0x00000000000271e6      0x224 ./Drivers/STM32L4xx_HAL_Driver/Src/stm32l4xx_hal_rcc_ex.o
 .debug_macro   0x000000000002740a      0x1f6 ./Drivers/STM32L4xx_HAL_Driver/Src/stm32l4xx_hal_spi.o
 .debug_macro   0x0000000000027600      0x1ef ./Drivers/STM32L4xx_HAL_Driver/Src/stm32l4xx_hal_tim.o
 .debug_macro   0x00000000000277ef      0x1ee ./Drivers/STM32L4xx_HAL_Driver/Src/stm32l4xx_hal_tim_ex.o
 .debug_macro   0x00000000000279dd      0x219 ./Drivers/STM32L4xx_HAL_Driver/Src/stm32l4xx_hal_uart.o

.debug_line     0x0000000000000000    0x1c36e
 .debug_line    0x0000000000000000      0x8f3 ./Core/Src/FreeRtos/freertos.o
 .debug_line    0x00000000000008f3      0x753 ./Core/Src/FreeRtos/list.o
 .debug_line    0x0000000000001046     0x15fd ./Core/Src/FreeRtos/queue.o
 .debug_line    0x0000000000002643     0x1b1a ./Core/Src/FreeRtos/tasks.o
 .debug_line    0x000000000000415d      0xca0 ./Core/Src/FreeRtos/timers.o
 .debug_line    0x0000000000004dfd      0x834 ./Core/Src/FreeRtos/portable/GCC/ARM_CM4F/port.o
 .debug_line    0x0000000000005631      0x99e ./Core/Src/FreeRtos/portable/MemMang/heap_4.o
 .debug_line    0x0000000000005fcf      0xc17 ./Core/Src/SSD1322_OLED_lib/SSD1322_API.o
 .debug_line    0x0000000000006be6     0x11fa ./Core/Src/SSD1322_OLED_lib/SSD1322_GFX.o
 .debug_line    0x0000000000007de0      0xa2b ./Core/Src/SSD1322_OLED_lib/SSD1322_HW_Driver.o
 .debug_line    0x000000000000880b      0xbe7 ./Core/Src/main.o
 .debug_line    0x00000000000093f2      0x98c ./Core/Src/stm32l4xx_hal_msp.o
 .debug_line    0x0000000000009d7e      0x777 ./Core/Src/stm32l4xx_hal_timebase_tim.o
 .debug_line    0x000000000000a4f5      0x980 ./Core/Src/stm32l4xx_it.o
 .debug_line    0x000000000000ae75      0x7b2 ./Core/Src/system_stm32l4xx.o
 .debug_line    0x000000000000b627       0x88 ./Core/Startup/startup_stm32l476rgtx.o
 .debug_line    0x000000000000b6af      0xb0b ./Drivers/STM32L4xx_HAL_Driver/Src/stm32l4xx_hal.o
 .debug_line    0x000000000000c1ba      0xcb1 ./Drivers/STM32L4xx_HAL_Driver/Src/stm32l4xx_hal_cortex.o
 .debug_line    0x000000000000ce6b      0xce9 ./Drivers/STM32L4xx_HAL_Driver/Src/stm32l4xx_hal_dma.o